stdout of test 'explain.SF-1739353` in directory 'sql/test/BugTracker` itself:


# 15:11:17 >  
# 15:11:17 >  "mserver5" "--debug=10" "--set" "gdk_nr_threads=0" "--set" "mapi_open=true" "--set" "mapi_port=33800" "--set" "mapi_usock=/var/tmp/mtest-7180/.s.monetdb.33800" "--set" "monet_prompt=" "--forcemito" "--dbpath=/ufs/sjoerd/@Monet-virgin/var/MonetDB/mTests_sql_test_BugTracker"
# 15:11:17 >  

# MonetDB 5 server v11.29.0
# This is an unreleased version
# Serving database 'mTests_sql_test_BugTracker', using 8 threads
# Compiled for x86_64-unknown-linux-gnu/64bit with 128bit integers
# Found 62.701 GiB available main-memory.
# Copyright (c) 1993-July 2008 CWI.
# Copyright (c) August 2008-2017 MonetDB B.V., all rights reserved
# Visit https://www.monetdb.org/ for further information
# Listening for connection requests on mapi:monetdb://methuselah.da.cwi.nl:33800/
# Listening for UNIX domain connection requests on mapi:monetdb:///var/tmp/mtest-7180/.s.monetdb.33800
# MonetDB/GIS module loaded
# MonetDB/SQL module loaded


# 15:11:18 >  
# 15:11:18 >  "./explain.SF-1739353.SQL.sh" "explain.SF-1739353"
# 15:11:18 >  


Operation successful
+------------------------------------------------------------------------------------------------------------------------+
| mal                                                                                                                    |
+========================================================================================================================+
| function user.main():void;                                                                                              |
|     X_1:void := querylog.define("explain select \"name\" from \"tables\"\n;":str, "sequential_pipe":str, 28:int);      |
|     X_33:bat[:str] := bat.new(nil:str);                                                                                |
|     X_4:int := sql.mvc();                                                                                              |
|     X_17:bat[:sht] := sql.bind(X_4:int, "sys":str, "_tables":str, "type":str, 0:int);                                  |
|     C_5:bat[:oid] := sql.tid(X_4:int, "sys":str, "_tables":str);                                                   |
|     C_84:bat[:oid] := algebra.thetaselect(X_17:bat[:sht], C_5:bat[:oid], 2:sht, "!=":str);                             |
|     (X_20:bat[:oid], X_21:bat[:sht]) := sql.bind(X_4:int, "sys":str, "_tables":str, "type":str, 2:int);                |
|     C_85:bat[:oid] := algebra.thetaselect(X_21:bat[:sht], nil:bat[:oid], 2:sht, "!=":str);                             |
|     X_19:bat[:sht] := sql.bind(X_4:int, "sys":str, "_tables":str, "type":str, 1:int);                                  |
|     C_87:bat[:oid] := algebra.thetaselect(X_19:bat[:sht], C_5:bat[:oid], 2:sht, "!=":str);                             |
|     C_25:bat[:oid] := sql.subdelta(C_84:bat[:oid], C_5:bat[:oid], X_20:bat[:oid], C_85:bat[:oid], C_87:bat[:oid]);     |
|     X_8:bat[:str] := sql.bind(X_4:int, "sys":str, "_tables":str, "name":str, 0:int);                                   |
|     (X_13:bat[:oid], X_14:bat[:str]) := sql.bind(X_4:int, "sys":str, "_tables":str, "name":str, 2:int);                |
|     X_11:bat[:str] := sql.bind(X_4:int, "sys":str, "_tables":str, "name":str, 1:int);                                  |
|     X_27:bat[:str] := sql.projectdelta(C_25:bat[:oid], X_8:bat[:str], X_13:bat[:oid], X_14:bat[:str], X_11:bat[:str]); |
|     C_29:bat[:oid] := sql.tid(X_4:int, "tmp":str, "_tables":str);                                                      |
|     X_31:bat[:str] := sql.bind(X_4:int, "tmp":str, "_tables":str, "name":str, 0:int);                                  |
|     X_32:bat[:str] := algebra.projection(C_29:bat[:oid], X_31:bat[:str]);                                              |
|     X_35:bat[:str] := bat.append(X_33:bat[:str], X_27:bat[:str], true:bit);                                            |
|     X_37:bat[:str] := bat.append(X_35:bat[:str], X_32:bat[:str], true:bit);                                            |
|     X_39:bat[:str] := bat.pack(".tables":str);                                                                         |
|     X_40:bat[:str] := bat.pack("name":str);                                                                            |
|     X_41:bat[:str] := bat.pack("varchar":str);                                                                         |
|     X_42:bat[:int] := bat.pack(1024:int);                                                                              |
|     X_43:bat[:int] := bat.pack(0:int);                                                                                 |
|     sql.resultSet(X_39:bat[:str], X_40:bat[:str], X_41:bat[:str], X_42:bat[:int], X_43:bat[:int], X_37:bat[:str]);     |
| end user.main;                                                                                                          |
| #inline               actions= 0 time=2 usec                                                                           |
| #remap                actions= 0 time=2 usec                                                                           |
| #costmodel            actions= 1 time=2 usec                                                                            |
| #coercion             actions= 0 time=2 usec                                                                           |
| #aliases              actions= 1 time=8 usec                                                                           |
| #evaluate             actions= 0 time=7 usec                                                                           |
| #emptybind            actions= 0 time=0 usec                                                                            |
| #pushselect           actions= 2 time=28 usec                                                                          |
| #aliases              actions= 0 time=0 usec                                                                       |
| #mergetable           actions= 0 time=41 usec                                                                          |
| #deadcode             actions= 3 time=13 usec                                                                          |
| #aliases              actions= 0 time=1 usec                                                                           |
| #constants            actions= 2 time=8 usec                                                                           |
| #commonTerms          actions= 0 time=11 usec                                                                          |
| #projectionpath       actions= 0 time=4 usec                                                                           |
| #deadcode             actions= 0 time=22 usec                                                                          |
| #reorder              actions= 1 time=27 usec                                                                          |
| #matpack              actions= 0 time=0 usec                                                                       |
| #multiplex            actions= 0 time=2 usec                                                                           |
| #profiler             actions= 1 time=1 usec                                                                            |
| #candidates           actions= 1 time=2 usec                                                                           |
| #deadcode             actions= 0 time=8 usec                                                                           |
| #postfix              actions= 0 time=6 usec                                                                           |
| #wlc                  actions= 0 time=1 usec                                                                           |
| #garbagecollector     actions= 1 time=35 usec                                                                          |
| #total                actions=27 time=324 usec                                                                         |
+------------------------------------------------------------------------------------------------------------------------+
54 rows

# 17:52:43 >  
# 17:52:43 >  "Done."
# 17:52:43 >  

