stdout of test 'Test_PSlargebatchval` in directory 'sql/jdbc/tests` itself:


# 14:23:37 >  
# 14:23:37 >  "./Test_PSlargebatchval.SQL.sh" "Test_PSlargebatchval"
# 14:23:37 >  


# 14:23:37 >  
# 14:23:37 >  java Test_PSlargebatchval "jdbc:monetdb://monetdb-nuc2:38485/mTests_sql_jdbc_tests?user=monetdb&password=monetdb"
# 14:23:37 >  

0. true	true
1. inserted 1 large string
2. inserted 1 large clob via StringReader() object
3. inserted 1 large clob via createClob() object
3 rows inserted.

# 14:23:37 >  
# 14:23:37 >  "Done."
# 14:23:37 >  

