stdout of test 'decimal-multiplication.Bug-7003` in directory 'sql/test/BugTracker-2020` itself:


# 21:08:04 >  
# 21:08:04 >  "mclient" "-lsql" "-ftest" "-tnone" "-Eutf-8" "-i" "-e" "--host=/var/tmp/mtest-13109" "--port=35110"
# 21:08:04 >  

#select 0.1*0.1*0.1*0.1*0.1*0.1*0.1*0.1*0.1*0.1*0.1*0.1*0.1*0.1*0.1*0.1*0.1*0.1*0.1*0.1*0.1*0.1*0.1*0.1*0.1*0.1*0.1*0.1*0.1*0.1*0.1*0.1*0.1*0.1*0.1*0.1*0.1*0.1*0.1*0.1*0.1*0.1*0.1*0.1*0.1*0.1*0.1*0.1*0.1*0.1*0.1*0.1*0.1*0.1*0.1*0.1*0.1*0.1*0.1*0.1*0.1*0.1*0.1*0.1*0.1*0.1*0.1*0.1*0.1*0.1*0.1*0.1*0.1*0.1*0.1*0.1*0.1*0.1*0.1*0.1*0.1*0.1*0.1*0.1*0.1*0.1;
% .%2 # table_name
% %2 # name
% decimal # type
% 41 # length
[ 0.00000000000000000000000000000000000000	]
#select 0.1+0.1+0.1+0.1+0.1+0.1+0.1+0.1+0.1+0.1+0.1+0.1+0.1+0.1+0.1+0.1+0.1+0.1+0.1+0.1+0.1+0.1+0.1+0.1+0.1+0.1+0.1+0.1+0.1+0.1+0.1+0.1+0.1+0.1+0.1+0.1+0.1+0.1+0.1+0.1+0.1+0.1+0.1+0.1+0.1+0.1+0.1+0.1+0.1+0.1+0.1+0.1+0.1+0.1+0.1+0.1+0.1+0.1+0.1+0.1+0.1+0.1+0.1+0.1+0.1+0.1+0.1+0.1+0.1+0.1+0.1+0.1+0.1+0.1+0.1+0.1+0.1+0.1+0.1+0.1+0.1+0.1+0.1+0.1+0.1+0.1;
% .%2 # table_name
% %2 # name
% decimal # type
% 4 # length
[ 8.6	]
#select cast(0.1 as double)*0.1*0.1*0.1*0.1*0.1*0.1*0.1*0.1*0.1*0.1*0.1*0.1*0.1*0.1*0.1*0.1*0.1*0.1*0.1*0.1*0.1*0.1*0.1*0.1*0.1*0.1*0.1*0.1*0.1*0.1*0.1*0.1*0.1*0.1*0.1*0.1*0.1*0.1*0.1*0.1*0.1*0.1*0.1*0.1*0.1*0.1*0.1*0.1*0.1*0.1*0.1*0.1*0.1*0.1*0.1*0.1*0.1*0.1*0.1*0.1*0.1*0.1*0.1*0.1*0.1*0.1*0.1*0.1*0.1*0.1*0.1*0.1*0.1*0.1*0.1*0.1*0.1*0.1*0.1*0.1*0.1*0.1*0.1*0.1*0.1;
% .%2 # table_name
% %2 # name
% double # type
% 24 # length
[ 1e-86	]
#select power(0.1, 86);
% .%2 # table_name
% %2 # name
% double # type
% 24 # length
[ 1e-86	]

# 21:08:04 >  
# 21:08:04 >  "Done."
# 21:08:04 >  

