stdout of test 'coalesce` in directory 'sql/test/null/sqllogictest` itself:


# 10:03:40 >  
# 10:03:40 >  "mserver5" "--debug=10" "--set" "gdk_nr_threads=0" "--set" "mapi_listenaddr=all" "--set" "mapi_port=36124" "--set" "mapi_usock=/var/tmp/mtest-466387/.s.monetdb.36124" "--forcemito" "--dbpath=/home/svetlin/MyProjects/monetdb/dist/var/MonetDB/mTests_sql_test_null_sqllogictest" "--set" "embedded_c=true"
# 10:03:40 >  

# MonetDB 5 server v11.40.0 (hg id: d44f09bcb3cc+)
# This is an unreleased version
# Serving database 'mTests_sql_test_null_sqllogictest', using 8 threads
# Compiled for x86_64-pc-linux-gnu/64bit with 128bit integers
# Found 15.331 GiB available main-memory of which we use 12.495 GiB
# Copyright (c) 1993 - July 2008 CWI.
# Copyright (c) August 2008 - 2020 MonetDB B.V., all rights reserved
# Visit https://www.monetdb.org/ for further information
# Listening for connection requests on mapi:monetdb://localhost.localdomain:36124/
# Listening for UNIX domain connection requests on mapi:monetdb:///var/tmp/mtest-466387/.s.monetdb.36124
# MonetDB/SQL module loaded

# 10:03:40 >  
# 10:03:40 >  "Done."
# 10:03:40 >  

