stdout of test 'analytics15` in directory 'sql/test/analytics` itself:


# 11:48:29 >  
# 11:48:29 >  "mserver5" "--debug=10" "--set" "gdk_nr_threads=0" "--set" "mapi_open=true" "--set" "mapi_port=35347" "--set" "mapi_usock=/var/tmp/mtest-118584/.s.monetdb.35347" "--forcemito" "--dbpath=/home/ferreira/repositories/MonetDB-statistics-analytics/BUILD/var/MonetDB/mTests_sql_test_analytics" "--set" "embedded_c=true"
# 11:48:29 >  

# MonetDB 5 server v11.36.0 (hg id: 3ccd6847f78f+7637dc59c7a0+)
# This is an unreleased version
# Serving database 'mTests_sql_test_analytics', using 8 threads
# Compiled for x86_64-pc-linux-gnu/64bit with 128bit integers
# Found 15.498 GiB available main-memory of which we use 12.631 GiB
# Copyright (c) 1993 - July 2008 CWI.
# Copyright (c) August 2008 - 2020 MonetDB B.V., all rights reserved
# Visit https://www.monetdb.org/ for further information
# Listening for connection requests on mapi:monetdb://localhost.localdomain:35347/
# Listening for UNIX domain connection requests on mapi:monetdb:///var/tmp/mtest-118584/.s.monetdb.35347
# MonetDB/GIS module loaded
# SQL catalog created, loading sql scripts once
# loading sql script: 09_like.sql
# loading sql script: 10_math.sql
# loading sql script: 12_url.sql
# loading sql script: 13_date.sql
# loading sql script: 14_inet.sql
# loading sql script: 15_querylog.sql
# loading sql script: 16_tracelog.sql
# loading sql script: 17_temporal.sql
# loading sql script: 18_index.sql
# loading sql script: 20_vacuum.sql
# loading sql script: 21_dependency_views.sql
# loading sql script: 22_clients.sql
# loading sql script: 23_skyserver.sql
# loading sql script: 25_debug.sql
# loading sql script: 26_sysmon.sql
# loading sql script: 27_rejects.sql
# loading sql script: 39_analytics.sql
# loading sql script: 39_analytics_hge.sql
# loading sql script: 40_geom.sql
# loading sql script: 40_json.sql
# loading sql script: 40_json_hge.sql
# loading sql script: 41_md5sum.sql
# loading sql script: 45_uuid.sql
# loading sql script: 46_profiler.sql
# loading sql script: 51_sys_schema_extension.sql
# loading sql script: 58_hot_snapshot.sql
# loading sql script: 60_wlcr.sql
# loading sql script: 61_wlcr.sql
# loading sql script: 72_fits.sql
# loading sql script: 74_netcdf.sql
# loading sql script: 75_lidar.sql
# loading sql script: 75_shp.sql
# loading sql script: 75_storagemodel.sql
# loading sql script: 80_statistics.sql
# loading sql script: 80_udf.sql
# loading sql script: 80_udf_hge.sql
# loading sql script: 85_bam.sql
# loading sql script: 90_generator.sql
# loading sql script: 90_generator_hge.sql
# loading sql script: 99_system.sql
# MonetDB/SQL module loaded

# 11:48:30 >  
# 11:48:30 >  "mclient" "-lsql" "-ftest" "-tnone" "-Eutf-8" "-i" "-e" "--host=/var/tmp/mtest-118584" "--port=35347"
# 11:48:30 >  

#start transaction;
#create table analytics (aa int, bb int);
#insert into analytics values (15, 3), (3, 1), (2, 1), (5, 3), (NULL, 2), (3, 2), (4, 1), (6, 3), (8, 2), (NULL, 4);
[ 10	]
#select covar_samp(aa, aa) over (partition by bb) from analytics;
% sys.%3 # table_name
% %3 # name
% double # type
% 24 # length
[ 1	]
[ 1	]
[ 1	]
[ 12.5	]
[ 12.5	]
[ 12.5	]
[ 30.33333333	]
[ 30.33333333	]
[ 30.33333333	]
[ NULL	]
#select covar_samp(aa, aa) over (partition by bb order by bb asc) from analytics;
% sys.%3 # table_name
% %3 # name
% double # type
% 24 # length
[ 1	]
[ 1	]
[ 1	]
[ 12.5	]
[ 12.5	]
[ 12.5	]
[ 30.33333333	]
[ 30.33333333	]
[ 30.33333333	]
[ NULL	]
#select covar_samp(aa, aa) over (partition by bb order by bb desc) from analytics;
% sys.%3 # table_name
% %3 # name
% double # type
% 24 # length
[ NULL	]
[ 30.33333333	]
[ 30.33333333	]
[ 30.33333333	]
[ 12.5	]
[ 12.5	]
[ 12.5	]
[ 1	]
[ 1	]
[ 1	]
#select covar_samp(aa, aa) over (order by bb desc) from analytics;
% sys.%3 # table_name
% %3 # name
% double # type
% 24 # length
[ NULL	]
[ 30.33333333	]
[ 30.33333333	]
[ 30.33333333	]
[ 21.3	]
[ 21.3	]
[ 21.3	]
[ 17.64285714	]
[ 17.64285714	]
[ 17.64285714	]
#select covar_samp(bb, bb) over (partition by bb) from analytics;
% sys.%3 # table_name
% %3 # name
% double # type
% 24 # length
[ 0	]
[ 0	]
[ 0	]
[ 0	]
[ 0	]
[ 0	]
[ 0	]
[ 0	]
[ 0	]
[ NULL	]
#select covar_samp(bb, bb) over (partition by bb order by bb asc) from analytics;
% sys.%3 # table_name
% %3 # name
% double # type
% 24 # length
[ 0	]
[ 0	]
[ 0	]
[ 0	]
[ 0	]
[ 0	]
[ 0	]
[ 0	]
[ 0	]
[ NULL	]
#select covar_samp(bb, bb) over (partition by bb order by bb desc) from analytics;
% sys.%3 # table_name
% %3 # name
% double # type
% 24 # length
[ NULL	]
[ 0	]
[ 0	]
[ 0	]
[ 0	]
[ 0	]
[ 0	]
[ 0	]
[ 0	]
[ 0	]
#select covar_samp(bb, bb) over (order by bb desc) from analytics;
% sys.%3 # table_name
% %3 # name
% double # type
% 24 # length
[ NULL	]
[ 0.25	]
[ 0.25	]
[ 0.25	]
[ 0.5714285714	]
[ 0.5714285714	]
[ 0.5714285714	]
[ 1.066666667	]
[ 1.066666667	]
[ 1.066666667	]
#select corr(bb, bb) over (partition by bb) from analytics;
% sys.%3 # table_name
% %3 # name
% double # type
% 24 # length
[ NULL	]
[ NULL	]
[ NULL	]
[ NULL	]
[ NULL	]
[ NULL	]
[ NULL	]
[ NULL	]
[ NULL	]
[ NULL	]
#select corr(bb, bb) over (partition by bb order by bb asc) from analytics;
% sys.%3 # table_name
% %3 # name
% double # type
% 24 # length
[ NULL	]
[ NULL	]
[ NULL	]
[ NULL	]
[ NULL	]
[ NULL	]
[ NULL	]
[ NULL	]
[ NULL	]
[ NULL	]
#select corr(bb, bb) over (partition by bb order by bb desc) from analytics;
% sys.%3 # table_name
% %3 # name
% double # type
% 24 # length
[ NULL	]
[ NULL	]
[ NULL	]
[ NULL	]
[ NULL	]
[ NULL	]
[ NULL	]
[ NULL	]
[ NULL	]
[ NULL	]
#select corr(bb, bb) over (order by bb desc) from analytics;
% sys.%3 # table_name
% %3 # name
% double # type
% 24 # length
[ NULL	]
[ 1	]
[ 1	]
[ 1	]
[ 1	]
[ 1	]
[ 1	]
[ 1	]
[ 1	]
[ 1	]
#select covar_pop(aa, aa) over (partition by bb) from analytics;
% sys.%3 # table_name
% %3 # name
% double # type
% 24 # length
[ 0.6666666667	]
[ 0.6666666667	]
[ 0.6666666667	]
[ 6.25	]
[ 6.25	]
[ 6.25	]
[ 20.22222222	]
[ 20.22222222	]
[ 20.22222222	]
[ NULL	]
#select covar_pop(aa, aa) over (partition by bb order by bb asc) from analytics;
% sys.%3 # table_name
% %3 # name
% double # type
% 24 # length
[ 0.6666666667	]
[ 0.6666666667	]
[ 0.6666666667	]
[ 6.25	]
[ 6.25	]
[ 6.25	]
[ 20.22222222	]
[ 20.22222222	]
[ 20.22222222	]
[ NULL	]
#select covar_pop(aa, aa) over (partition by bb order by bb desc) from analytics;
% sys.%3 # table_name
% %3 # name
% double # type
% 24 # length
[ NULL	]
[ 20.22222222	]
[ 20.22222222	]
[ 20.22222222	]
[ 6.25	]
[ 6.25	]
[ 6.25	]
[ 0.6666666667	]
[ 0.6666666667	]
[ 0.6666666667	]
#select covar_pop(aa, aa) over (order by bb desc) from analytics;
% sys.%3 # table_name
% %3 # name
% double # type
% 24 # length
[ NULL	]
[ 20.22222222	]
[ 20.22222222	]
[ 20.22222222	]
[ 17.04	]
[ 17.04	]
[ 17.04	]
[ 15.4375	]
[ 15.4375	]
[ 15.4375	]
#select covar_pop(bb, bb) over (partition by bb) from analytics;
% sys.%3 # table_name
% %3 # name
% double # type
% 24 # length
[ 0	]
[ 0	]
[ 0	]
[ 0	]
[ 0	]
[ 0	]
[ 0	]
[ 0	]
[ 0	]
[ 0	]
#select covar_pop(bb, bb) over (partition by bb order by bb asc) from analytics;
% sys.%3 # table_name
% %3 # name
% double # type
% 24 # length
[ 0	]
[ 0	]
[ 0	]
[ 0	]
[ 0	]
[ 0	]
[ 0	]
[ 0	]
[ 0	]
[ 0	]
#select covar_pop(bb, bb) over (partition by bb order by bb desc) from analytics;
% sys.%3 # table_name
% %3 # name
% double # type
% 24 # length
[ 0	]
[ 0	]
[ 0	]
[ 0	]
[ 0	]
[ 0	]
[ 0	]
[ 0	]
[ 0	]
[ 0	]
#select covar_pop(bb, bb) over (order by bb desc) from analytics;
% sys.%3 # table_name
% %3 # name
% double # type
% 24 # length
[ 0	]
[ 0.1875	]
[ 0.1875	]
[ 0.1875	]
[ 0.4897959184	]
[ 0.4897959184	]
[ 0.4897959184	]
[ 0.96	]
[ 0.96	]
[ 0.96	]
#select corr(bb, bb) over (partition by bb) from analytics;
% sys.%3 # table_name
% %3 # name
% double # type
% 24 # length
[ NULL	]
[ NULL	]
[ NULL	]
[ NULL	]
[ NULL	]
[ NULL	]
[ NULL	]
[ NULL	]
[ NULL	]
[ NULL	]
#select corr(bb, bb) over (partition by bb order by bb asc) from analytics;
% sys.%3 # table_name
% %3 # name
% double # type
% 24 # length
[ NULL	]
[ NULL	]
[ NULL	]
[ NULL	]
[ NULL	]
[ NULL	]
[ NULL	]
[ NULL	]
[ NULL	]
[ NULL	]
#select corr(bb, bb) over (partition by bb order by bb desc) from analytics;
% sys.%3 # table_name
% %3 # name
% double # type
% 24 # length
[ NULL	]
[ NULL	]
[ NULL	]
[ NULL	]
[ NULL	]
[ NULL	]
[ NULL	]
[ NULL	]
[ NULL	]
[ NULL	]
#select corr(bb, bb) over (order by bb desc) from analytics;
% sys.%3 # table_name
% %3 # name
% double # type
% 24 # length
[ NULL	]
[ 1	]
[ 1	]
[ 1	]
[ 1	]
[ 1	]
[ 1	]
[ 1	]
[ 1	]
[ 1	]
#select covar_samp(aa, bb) over (partition by bb) from analytics;
% sys.%3 # table_name
% %3 # name
% double # type
% 24 # length
[ 0	]
[ 0	]
[ 0	]
[ 0	]
[ 0	]
[ 0	]
[ 0	]
[ 0	]
[ 0	]
[ NULL	]
#select covar_samp(aa, bb) over (partition by bb order by bb asc) from analytics;
% sys.%3 # table_name
% %3 # name
% double # type
% 24 # length
[ 0	]
[ 0	]
[ 0	]
[ 0	]
[ 0	]
[ 0	]
[ 0	]
[ 0	]
[ 0	]
[ NULL	]
#select covar_samp(aa, bb) over (partition by bb order by bb desc) from analytics;
% sys.%3 # table_name
% %3 # name
% double # type
% 24 # length
[ NULL	]
[ 0	]
[ 0	]
[ 0	]
[ 0	]
[ 0	]
[ 0	]
[ 0	]
[ 0	]
[ 0	]
#select covar_samp(aa, bb) over (order by bb desc) from analytics;
% sys.%3 # table_name
% %3 # name
% double # type
% 24 # length
[ NULL	]
[ 0	]
[ 0	]
[ 0	]
[ 0.95	]
[ 0.95	]
[ 0.95	]
[ 2.428571429	]
[ 2.428571429	]
[ 2.428571429	]
#select covar_samp(bb, aa) over (partition by bb) from analytics;
% sys.%3 # table_name
% %3 # name
% double # type
% 24 # length
[ 0	]
[ 0	]
[ 0	]
[ 0	]
[ 0	]
[ 0	]
[ 0	]
[ 0	]
[ 0	]
[ NULL	]
#select covar_samp(bb, aa) over (partition by bb order by bb asc) from analytics;
% sys.%3 # table_name
% %3 # name
% double # type
% 24 # length
[ 0	]
[ 0	]
[ 0	]
[ 0	]
[ 0	]
[ 0	]
[ 0	]
[ 0	]
[ 0	]
[ NULL	]
#select covar_samp(bb, aa) over (partition by bb order by bb desc) from analytics;
% sys.%3 # table_name
% %3 # name
% double # type
% 24 # length
[ NULL	]
[ 0	]
[ 0	]
[ 0	]
[ 0	]
[ 0	]
[ 0	]
[ 0	]
[ 0	]
[ 0	]
#select covar_samp(bb, aa) over (order by bb desc) from analytics;
% sys.%3 # table_name
% %3 # name
% double # type
% 24 # length
[ NULL	]
[ 0	]
[ 0	]
[ 0	]
[ 0.95	]
[ 0.95	]
[ 0.95	]
[ 2.428571429	]
[ 2.428571429	]
[ 2.428571429	]
#select corr(bb, aa) over (partition by bb) from analytics;
% sys.%3 # table_name
% %3 # name
% double # type
% 24 # length
[ NULL	]
[ NULL	]
[ NULL	]
[ NULL	]
[ NULL	]
[ NULL	]
[ NULL	]
[ NULL	]
[ NULL	]
[ NULL	]
#select corr(bb, aa) over (partition by bb order by bb asc) from analytics;
% sys.%3 # table_name
% %3 # name
% double # type
% 24 # length
[ NULL	]
[ NULL	]
[ NULL	]
[ NULL	]
[ NULL	]
[ NULL	]
[ NULL	]
[ NULL	]
[ NULL	]
[ NULL	]
#select corr(bb, aa) over (partition by bb order by bb desc) from analytics;
% sys.%3 # table_name
% %3 # name
% double # type
% 24 # length
[ NULL	]
[ NULL	]
[ NULL	]
[ NULL	]
[ NULL	]
[ NULL	]
[ NULL	]
[ NULL	]
[ NULL	]
[ NULL	]
#select corr(bb, aa) over (order by bb desc) from analytics;
% sys.%3 # table_name
% %3 # name
% double # type
% 24 # length
[ NULL	]
[ NULL	]
[ NULL	]
[ NULL	]
[ 0.3758141918	]
[ 0.3758141918	]
[ 0.3758141918	]
[ 0.6245106046	]
[ 0.6245106046	]
[ 0.6245106046	]
#select covar_pop(aa, bb) over (partition by bb) from analytics;
% sys.%3 # table_name
% %3 # name
% double # type
% 24 # length
[ 0	]
[ 0	]
[ 0	]
[ 0	]
[ 0	]
[ 0	]
[ 0	]
[ 0	]
[ 0	]
[ NULL	]
#select covar_pop(aa, bb) over (partition by bb order by bb asc) from analytics;
% sys.%3 # table_name
% %3 # name
% double # type
% 24 # length
[ 0	]
[ 0	]
[ 0	]
[ 0	]
[ 0	]
[ 0	]
[ 0	]
[ 0	]
[ 0	]
[ NULL	]
#select covar_pop(aa, bb) over (partition by bb order by bb desc) from analytics;
% sys.%3 # table_name
% %3 # name
% double # type
% 24 # length
[ NULL	]
[ 0	]
[ 0	]
[ 0	]
[ 0	]
[ 0	]
[ 0	]
[ 0	]
[ 0	]
[ 0	]
#select covar_pop(aa, bb) over (order by bb desc) from analytics;
% sys.%3 # table_name
% %3 # name
% double # type
% 24 # length
[ NULL	]
[ 0	]
[ 0	]
[ 0	]
[ 0.76	]
[ 0.76	]
[ 0.76	]
[ 2.125	]
[ 2.125	]
[ 2.125	]
#select covar_pop(bb, aa) over (partition by bb) from analytics;
% sys.%3 # table_name
% %3 # name
% double # type
% 24 # length
[ 0	]
[ 0	]
[ 0	]
[ 0	]
[ 0	]
[ 0	]
[ 0	]
[ 0	]
[ 0	]
[ NULL	]
#select covar_pop(bb, aa) over (partition by bb order by bb asc) from analytics;
% sys.%3 # table_name
% %3 # name
% double # type
% 24 # length
[ 0	]
[ 0	]
[ 0	]
[ 0	]
[ 0	]
[ 0	]
[ 0	]
[ 0	]
[ 0	]
[ NULL	]
#select covar_pop(bb, aa) over (partition by bb order by bb desc) from analytics;
% sys.%3 # table_name
% %3 # name
% double # type
% 24 # length
[ NULL	]
[ 0	]
[ 0	]
[ 0	]
[ 0	]
[ 0	]
[ 0	]
[ 0	]
[ 0	]
[ 0	]
#select covar_pop(bb, aa) over (order by bb desc) from analytics;
% sys.%3 # table_name
% %3 # name
% double # type
% 24 # length
[ NULL	]
[ 0	]
[ 0	]
[ 0	]
[ 0.76	]
[ 0.76	]
[ 0.76	]
[ 2.125	]
[ 2.125	]
[ 2.125	]
#select corr(bb, aa) over (partition by bb) from analytics;
% sys.%3 # table_name
% %3 # name
% double # type
% 24 # length
[ NULL	]
[ NULL	]
[ NULL	]
[ NULL	]
[ NULL	]
[ NULL	]
[ NULL	]
[ NULL	]
[ NULL	]
[ NULL	]
#select corr(bb, aa) over (partition by bb order by bb asc) from analytics;
% sys.%3 # table_name
% %3 # name
% double # type
% 24 # length
[ NULL	]
[ NULL	]
[ NULL	]
[ NULL	]
[ NULL	]
[ NULL	]
[ NULL	]
[ NULL	]
[ NULL	]
[ NULL	]
#select corr(bb, aa) over (partition by bb order by bb desc) from analytics;
% sys.%3 # table_name
% %3 # name
% double # type
% 24 # length
[ NULL	]
[ NULL	]
[ NULL	]
[ NULL	]
[ NULL	]
[ NULL	]
[ NULL	]
[ NULL	]
[ NULL	]
[ NULL	]
#select corr(bb, aa) over (order by bb desc) from analytics;
% sys.%3 # table_name
% %3 # name
% double # type
% 24 # length
[ NULL	]
[ NULL	]
[ NULL	]
[ NULL	]
[ 0.3758141918	]
[ 0.3758141918	]
[ 0.3758141918	]
[ 0.6245106046	]
[ 0.6245106046	]
[ 0.6245106046	]
#select covar_pop(aa, 1) over (partition by bb) from analytics;
% sys.%3 # table_name
% %3 # name
% double # type
% 24 # length
[ 0	]
[ 0	]
[ 0	]
[ 0	]
[ 0	]
[ 0	]
[ 0	]
[ 0	]
[ 0	]
[ NULL	]
#select covar_pop(aa, 1) over (partition by bb order by bb asc) from analytics;
% sys.%3 # table_name
% %3 # name
% double # type
% 24 # length
[ 0	]
[ 0	]
[ 0	]
[ 0	]
[ 0	]
[ 0	]
[ 0	]
[ 0	]
[ 0	]
[ NULL	]
#select covar_pop(aa, 1) over (partition by bb order by bb desc) from analytics;
% sys.%3 # table_name
% %3 # name
% double # type
% 24 # length
[ NULL	]
[ 0	]
[ 0	]
[ 0	]
[ 0	]
[ 0	]
[ 0	]
[ 0	]
[ 0	]
[ 0	]
#select covar_pop(aa, 1) over (order by bb desc) from analytics;
% sys.%3 # table_name
% %3 # name
% double # type
% 24 # length
[ NULL	]
[ 0	]
[ 0	]
[ 0	]
[ 0	]
[ 0	]
[ 0	]
[ 0	]
[ 0	]
[ 0	]
#select covar_pop(bb, -100) over (partition by bb) from analytics;
% sys.%3 # table_name
% %3 # name
% double # type
% 24 # length
[ 0	]
[ 0	]
[ 0	]
[ 0	]
[ 0	]
[ 0	]
[ 0	]
[ 0	]
[ 0	]
[ 0	]
#select covar_pop(bb, -100) over (partition by bb order by bb asc) from analytics;
% sys.%3 # table_name
% %3 # name
% double # type
% 24 # length
[ 0	]
[ 0	]
[ 0	]
[ 0	]
[ 0	]
[ 0	]
[ 0	]
[ 0	]
[ 0	]
[ 0	]
#select covar_pop(bb, -100) over (partition by bb order by bb desc) from analytics;
% sys.%3 # table_name
% %3 # name
% double # type
% 24 # length
[ 0	]
[ 0	]
[ 0	]
[ 0	]
[ 0	]
[ 0	]
[ 0	]
[ 0	]
[ 0	]
[ 0	]
#select covar_pop(bb, -100) over (order by bb desc) from analytics;
% sys.%3 # table_name
% %3 # name
% double # type
% 24 # length
[ 0	]
[ 0	]
[ 0	]
[ 0	]
[ 0	]
[ 0	]
[ 0	]
[ 0	]
[ 0	]
[ 0	]
#select corr(bb, -100) over (partition by bb) from analytics;
% sys.%3 # table_name
% %3 # name
% double # type
% 24 # length
[ NULL	]
[ NULL	]
[ NULL	]
[ NULL	]
[ NULL	]
[ NULL	]
[ NULL	]
[ NULL	]
[ NULL	]
[ NULL	]
#select corr(bb, -100) over (partition by bb order by bb asc) from analytics;
% sys.%3 # table_name
% %3 # name
% double # type
% 24 # length
[ NULL	]
[ NULL	]
[ NULL	]
[ NULL	]
[ NULL	]
[ NULL	]
[ NULL	]
[ NULL	]
[ NULL	]
[ NULL	]
#select corr(bb, -100) over (partition by bb order by bb desc) from analytics;
% sys.%3 # table_name
% %3 # name
% double # type
% 24 # length
[ NULL	]
[ NULL	]
[ NULL	]
[ NULL	]
[ NULL	]
[ NULL	]
[ NULL	]
[ NULL	]
[ NULL	]
[ NULL	]
#select corr(bb, -100) over (order by bb desc) from analytics;
% sys.%3 # table_name
% %3 # name
% double # type
% 24 # length
[ NULL	]
[ NULL	]
[ NULL	]
[ NULL	]
[ NULL	]
[ NULL	]
[ NULL	]
[ NULL	]
[ NULL	]
[ NULL	]
#select covar_samp(aa, 1) over (partition by bb) from analytics;
% sys.%3 # table_name
% %3 # name
% double # type
% 24 # length
[ 0	]
[ 0	]
[ 0	]
[ 0	]
[ 0	]
[ 0	]
[ 0	]
[ 0	]
[ 0	]
[ NULL	]
#select covar_samp(aa, 1) over (partition by bb order by bb asc) from analytics;
% sys.%3 # table_name
% %3 # name
% double # type
% 24 # length
[ 0	]
[ 0	]
[ 0	]
[ 0	]
[ 0	]
[ 0	]
[ 0	]
[ 0	]
[ 0	]
[ NULL	]
#select covar_samp(aa, 1) over (partition by bb order by bb desc) from analytics;
% sys.%3 # table_name
% %3 # name
% double # type
% 24 # length
[ NULL	]
[ 0	]
[ 0	]
[ 0	]
[ 0	]
[ 0	]
[ 0	]
[ 0	]
[ 0	]
[ 0	]
#select covar_samp(aa, 1) over (order by bb desc) from analytics;
% sys.%3 # table_name
% %3 # name
% double # type
% 24 # length
[ NULL	]
[ 0	]
[ 0	]
[ 0	]
[ 0	]
[ 0	]
[ 0	]
[ 0	]
[ 0	]
[ 0	]
#select covar_samp(bb, -100) over (partition by bb) from analytics;
% sys.%3 # table_name
% %3 # name
% double # type
% 24 # length
[ 0	]
[ 0	]
[ 0	]
[ 0	]
[ 0	]
[ 0	]
[ 0	]
[ 0	]
[ 0	]
[ NULL	]
#select covar_samp(bb, -100) over (partition by bb order by bb asc) from analytics;
% sys.%3 # table_name
% %3 # name
% double # type
% 24 # length
[ 0	]
[ 0	]
[ 0	]
[ 0	]
[ 0	]
[ 0	]
[ 0	]
[ 0	]
[ 0	]
[ NULL	]
#select covar_samp(bb, -100) over (partition by bb order by bb desc) from analytics;
% sys.%3 # table_name
% %3 # name
% double # type
% 24 # length
[ NULL	]
[ 0	]
[ 0	]
[ 0	]
[ 0	]
[ 0	]
[ 0	]
[ 0	]
[ 0	]
[ 0	]
#select covar_samp(bb, -100) over (order by bb desc) from analytics;
% sys.%3 # table_name
% %3 # name
% double # type
% 24 # length
[ NULL	]
[ 0	]
[ 0	]
[ 0	]
[ 0	]
[ 0	]
[ 0	]
[ 0	]
[ 0	]
[ 0	]
#select corr(bb, -100) over (partition by bb) from analytics;
% sys.%3 # table_name
% %3 # name
% double # type
% 24 # length
[ NULL	]
[ NULL	]
[ NULL	]
[ NULL	]
[ NULL	]
[ NULL	]
[ NULL	]
[ NULL	]
[ NULL	]
[ NULL	]
#select corr(bb, -100) over (partition by bb order by bb asc) from analytics;
% sys.%3 # table_name
% %3 # name
% double # type
% 24 # length
[ NULL	]
[ NULL	]
[ NULL	]
[ NULL	]
[ NULL	]
[ NULL	]
[ NULL	]
[ NULL	]
[ NULL	]
[ NULL	]
#select corr(bb, -100) over (partition by bb order by bb desc) from analytics;
% sys.%3 # table_name
% %3 # name
% double # type
% 24 # length
[ NULL	]
[ NULL	]
[ NULL	]
[ NULL	]
[ NULL	]
[ NULL	]
[ NULL	]
[ NULL	]
[ NULL	]
[ NULL	]
#select corr(bb, -100) over (order by bb desc) from analytics;
% sys.%3 # table_name
% %3 # name
% double # type
% 24 # length
[ NULL	]
[ NULL	]
[ NULL	]
[ NULL	]
[ NULL	]
[ NULL	]
[ NULL	]
[ NULL	]
[ NULL	]
[ NULL	]
#select covar_pop(aa, aa) over () from analytics;
% sys. # table_name
% %1 # name
% double # type
% 24 # length
[ 15.4375	]
[ 15.4375	]
[ 15.4375	]
[ 15.4375	]
[ 15.4375	]
[ 15.4375	]
[ 15.4375	]
[ 15.4375	]
[ 15.4375	]
[ 15.4375	]
#select covar_pop(bb, bb) over () from analytics;
% sys. # table_name
% %1 # name
% double # type
% 24 # length
[ 0.96	]
[ 0.96	]
[ 0.96	]
[ 0.96	]
[ 0.96	]
[ 0.96	]
[ 0.96	]
[ 0.96	]
[ 0.96	]
[ 0.96	]
#select covar_pop(aa, bb) over () from analytics;
% sys. # table_name
% %1 # name
% double # type
% 24 # length
[ 2.125	]
[ 2.125	]
[ 2.125	]
[ 2.125	]
[ 2.125	]
[ 2.125	]
[ 2.125	]
[ 2.125	]
[ 2.125	]
[ 2.125	]
#select covar_pop(bb, aa) over () from analytics;
% sys. # table_name
% %1 # name
% double # type
% 24 # length
[ 2.125	]
[ 2.125	]
[ 2.125	]
[ 2.125	]
[ 2.125	]
[ 2.125	]
[ 2.125	]
[ 2.125	]
[ 2.125	]
[ 2.125	]
#select covar_pop(aa, 1) over () from analytics;
% sys. # table_name
% %1 # name
% double # type
% 24 # length
[ 0	]
[ 0	]
[ 0	]
[ 0	]
[ 0	]
[ 0	]
[ 0	]
[ 0	]
[ 0	]
[ 0	]
#select covar_pop(aa, 1) over () from analytics;
% sys. # table_name
% %1 # name
% double # type
% 24 # length
[ 0	]
[ 0	]
[ 0	]
[ 0	]
[ 0	]
[ 0	]
[ 0	]
[ 0	]
[ 0	]
[ 0	]
#select covar_samp(aa, aa) over () from analytics;
% sys. # table_name
% %1 # name
% double # type
% 24 # length
[ 17.64285714	]
[ 17.64285714	]
[ 17.64285714	]
[ 17.64285714	]
[ 17.64285714	]
[ 17.64285714	]
[ 17.64285714	]
[ 17.64285714	]
[ 17.64285714	]
[ 17.64285714	]
#select covar_samp(bb, bb) over () from analytics;
% sys. # table_name
% %1 # name
% double # type
% 24 # length
[ 1.066666667	]
[ 1.066666667	]
[ 1.066666667	]
[ 1.066666667	]
[ 1.066666667	]
[ 1.066666667	]
[ 1.066666667	]
[ 1.066666667	]
[ 1.066666667	]
[ 1.066666667	]
#select covar_samp(aa, bb) over () from analytics;
% sys. # table_name
% %1 # name
% double # type
% 24 # length
[ 2.428571429	]
[ 2.428571429	]
[ 2.428571429	]
[ 2.428571429	]
[ 2.428571429	]
[ 2.428571429	]
[ 2.428571429	]
[ 2.428571429	]
[ 2.428571429	]
[ 2.428571429	]
#select covar_samp(bb, aa) over () from analytics;
% sys. # table_name
% %1 # name
% double # type
% 24 # length
[ 2.428571429	]
[ 2.428571429	]
[ 2.428571429	]
[ 2.428571429	]
[ 2.428571429	]
[ 2.428571429	]
[ 2.428571429	]
[ 2.428571429	]
[ 2.428571429	]
[ 2.428571429	]
#select covar_samp(aa, 1) over () from analytics;
% sys. # table_name
% %1 # name
% double # type
% 24 # length
[ 0	]
[ 0	]
[ 0	]
[ 0	]
[ 0	]
[ 0	]
[ 0	]
[ 0	]
[ 0	]
[ 0	]
#select covar_samp(bb, -100) over () from analytics;
% sys. # table_name
% %1 # name
% double # type
% 24 # length
[ 0	]
[ 0	]
[ 0	]
[ 0	]
[ 0	]
[ 0	]
[ 0	]
[ 0	]
[ 0	]
[ 0	]
#select corr(aa, aa) over () from analytics;
% sys. # table_name
% %1 # name
% double # type
% 24 # length
[ 1	]
[ 1	]
[ 1	]
[ 1	]
[ 1	]
[ 1	]
[ 1	]
[ 1	]
[ 1	]
[ 1	]
#select corr(bb, bb) over () from analytics;
% sys. # table_name
% %1 # name
% double # type
% 24 # length
[ 1	]
[ 1	]
[ 1	]
[ 1	]
[ 1	]
[ 1	]
[ 1	]
[ 1	]
[ 1	]
[ 1	]
#select corr(aa, bb) over () from analytics;
% sys. # table_name
% %1 # name
% double # type
% 24 # length
[ 0.6245106046	]
[ 0.6245106046	]
[ 0.6245106046	]
[ 0.6245106046	]
[ 0.6245106046	]
[ 0.6245106046	]
[ 0.6245106046	]
[ 0.6245106046	]
[ 0.6245106046	]
[ 0.6245106046	]
#select corr(bb, aa) over () from analytics;
% sys. # table_name
% %1 # name
% double # type
% 24 # length
[ 0.6245106046	]
[ 0.6245106046	]
[ 0.6245106046	]
[ 0.6245106046	]
[ 0.6245106046	]
[ 0.6245106046	]
[ 0.6245106046	]
[ 0.6245106046	]
[ 0.6245106046	]
[ 0.6245106046	]
#select corr(aa, 1) over () from analytics;
% sys. # table_name
% %1 # name
% double # type
% 24 # length
[ NULL	]
[ NULL	]
[ NULL	]
[ NULL	]
[ NULL	]
[ NULL	]
[ NULL	]
[ NULL	]
[ NULL	]
[ NULL	]
#select corr(bb, -100) over () from analytics;
% sys. # table_name
% %1 # name
% double # type
% 24 # length
[ NULL	]
[ NULL	]
[ NULL	]
[ NULL	]
[ NULL	]
[ NULL	]
[ NULL	]
[ NULL	]
[ NULL	]
[ NULL	]
#select covar_samp(NULL, 2) over () from analytics;
% . # table_name
% %3 # name
% double # type
% 24 # length
[ NULL	]
[ NULL	]
[ NULL	]
[ NULL	]
[ NULL	]
[ NULL	]
[ NULL	]
[ NULL	]
[ NULL	]
[ NULL	]
#select covar_samp(2, NULL) over () from analytics;
% . # table_name
% %3 # name
% double # type
% 24 # length
[ NULL	]
[ NULL	]
[ NULL	]
[ NULL	]
[ NULL	]
[ NULL	]
[ NULL	]
[ NULL	]
[ NULL	]
[ NULL	]
#select covar_samp(aa, NULL) over () from analytics;
% sys. # table_name
% %3 # name
% double # type
% 24 # length
[ NULL	]
[ NULL	]
[ NULL	]
[ NULL	]
[ NULL	]
[ NULL	]
[ NULL	]
[ NULL	]
[ NULL	]
[ NULL	]
#select covar_samp(NULL, aa) over () from analytics;
% . # table_name
% %3 # name
% double # type
% 24 # length
[ NULL	]
[ NULL	]
[ NULL	]
[ NULL	]
[ NULL	]
[ NULL	]
[ NULL	]
[ NULL	]
[ NULL	]
[ NULL	]
#select covar_samp(NULL, NULL) over () from analytics;
% . # table_name
% %4 # name
% double # type
% 24 # length
[ NULL	]
[ NULL	]
[ NULL	]
[ NULL	]
[ NULL	]
[ NULL	]
[ NULL	]
[ NULL	]
[ NULL	]
[ NULL	]
#select covar_pop(NULL, 2) over () from analytics;
% . # table_name
% %3 # name
% double # type
% 24 # length
[ NULL	]
[ NULL	]
[ NULL	]
[ NULL	]
[ NULL	]
[ NULL	]
[ NULL	]
[ NULL	]
[ NULL	]
[ NULL	]
#select covar_pop(2, NULL) over () from analytics;
% . # table_name
% %3 # name
% double # type
% 24 # length
[ NULL	]
[ NULL	]
[ NULL	]
[ NULL	]
[ NULL	]
[ NULL	]
[ NULL	]
[ NULL	]
[ NULL	]
[ NULL	]
#select covar_pop(aa, NULL) over () from analytics;
% sys. # table_name
% %3 # name
% double # type
% 24 # length
[ NULL	]
[ NULL	]
[ NULL	]
[ NULL	]
[ NULL	]
[ NULL	]
[ NULL	]
[ NULL	]
[ NULL	]
[ NULL	]
#select covar_pop(NULL, aa) over () from analytics;
% . # table_name
% %3 # name
% double # type
% 24 # length
[ NULL	]
[ NULL	]
[ NULL	]
[ NULL	]
[ NULL	]
[ NULL	]
[ NULL	]
[ NULL	]
[ NULL	]
[ NULL	]
#select covar_pop(NULL, NULL) over () from analytics;
% . # table_name
% %4 # name
% double # type
% 24 # length
[ NULL	]
[ NULL	]
[ NULL	]
[ NULL	]
[ NULL	]
[ NULL	]
[ NULL	]
[ NULL	]
[ NULL	]
[ NULL	]
#select corr(NULL, 2) over () from analytics;
% . # table_name
% %3 # name
% double # type
% 24 # length
[ NULL	]
[ NULL	]
[ NULL	]
[ NULL	]
[ NULL	]
[ NULL	]
[ NULL	]
[ NULL	]
[ NULL	]
[ NULL	]
#select corr(2, NULL) over () from analytics;
% . # table_name
% %3 # name
% double # type
% 24 # length
[ NULL	]
[ NULL	]
[ NULL	]
[ NULL	]
[ NULL	]
[ NULL	]
[ NULL	]
[ NULL	]
[ NULL	]
[ NULL	]
#select corr(aa, NULL) over () from analytics;
% sys. # table_name
% %3 # name
% double # type
% 24 # length
[ NULL	]
[ NULL	]
[ NULL	]
[ NULL	]
[ NULL	]
[ NULL	]
[ NULL	]
[ NULL	]
[ NULL	]
[ NULL	]
#select corr(NULL, aa) over () from analytics;
% . # table_name
% %3 # name
% double # type
% 24 # length
[ NULL	]
[ NULL	]
[ NULL	]
[ NULL	]
[ NULL	]
[ NULL	]
[ NULL	]
[ NULL	]
[ NULL	]
[ NULL	]
#select corr(NULL, NULL) over () from analytics;
% . # table_name
% %4 # name
% double # type
% 24 # length
[ NULL	]
[ NULL	]
[ NULL	]
[ NULL	]
[ NULL	]
[ NULL	]
[ NULL	]
[ NULL	]
[ NULL	]
[ NULL	]
#rollback;

# 11:48:30 >  
# 11:48:30 >  "Done."
# 11:48:30 >  

