stdout of test 'analytics00` in directory 'sql/test/analytics` itself:


# 11:15:54 >  
# 11:15:54 >  "mserver5" "--debug=10" "--set" "gdk_nr_threads=0" "--set" "mapi_open=true" "--set" "mapi_port=39127" "--set" "mapi_usock=/var/tmp/mtest-28411/.s.monetdb.39127" "--set" "monet_prompt=" "--forcemito" "--dbpath=/home/ferreira/repositories/MonetDB-analytics/BUILD/var/MonetDB/mTests_sql_test_analytics" "--set" "embedded_c=true"
# 11:15:54 >  

# MonetDB 5 server v11.32.0
# This is an unreleased version
# Serving database 'mTests_sql_test_analytics', using 8 threads
# Compiled for x86_64-pc-linux-gnu/64bit with 128bit integers
# Found 15.492 GiB available main-memory.
# Copyright (c) 1993 - July 2008 CWI.
# Copyright (c) August 2008 - 2018 MonetDB B.V., all rights reserved
# Visit https://www.monetdb.org/ for further information
# Listening for connection requests on mapi:monetdb://wired-142.cwi.nl:39127/
# Listening for UNIX domain connection requests on mapi:monetdb:///var/tmp/mtest-28411/.s.monetdb.39127
# MonetDB/GIS module loaded
# SQL catalog created, loading sql scripts once
# loading sql script: 09_like.sql
# loading sql script: 10_math.sql
# loading sql script: 11_times.sql
# loading sql script: 12_url.sql
# loading sql script: 13_date.sql
# loading sql script: 14_inet.sql
# loading sql script: 15_querylog.sql
# loading sql script: 16_tracelog.sql
# loading sql script: 17_temporal.sql
# loading sql script: 18_index.sql
# loading sql script: 20_vacuum.sql
# loading sql script: 21_dependency_views.sql
# loading sql script: 22_clients.sql
# loading sql script: 23_skyserver.sql
# loading sql script: 25_debug.sql
# loading sql script: 26_sysmon.sql
# loading sql script: 27_rejects.sql
# loading sql script: 39_analytics.sql
# loading sql script: 39_analytics_hge.sql
# loading sql script: 40_geom.sql
# loading sql script: 40_json.sql
# loading sql script: 40_json_hge.sql
# loading sql script: 41_md5sum.sql
# loading sql script: 45_uuid.sql
# loading sql script: 46_profiler.sql
# loading sql script: 51_sys_schema_extension.sql
# loading sql script: 60_wlcr.sql
# loading sql script: 72_fits.sql
# loading sql script: 74_netcdf.sql
# loading sql script: 75_lidar.sql
# loading sql script: 75_shp.sql
# loading sql script: 75_storagemodel.sql
# loading sql script: 80_statistics.sql
# loading sql script: 80_udf.sql
# loading sql script: 80_udf_hge.sql
# loading sql script: 85_bam.sql
# loading sql script: 90_generator.sql
# loading sql script: 90_generator_hge.sql
# loading sql script: 99_system.sql
# MonetDB/SQL module loaded

Ready.

# 11:15:55 >  
# 11:15:55 >  "mclient" "-lsql" "-ftest" "-tnone" "-Eutf-8" "-i" "-e" "--host=/var/tmp/mtest-28411" "--port=39127"
# 11:15:55 >  

#start transaction;
#create table analytics (aa int, bb int, cc bigint);
#insert into analytics values (3, 1, 3), (2, 1, 2), (4, 1, 4), (NULL, 2, NULL), (8, 2, 8), (3, 2, 3), (5, 3, 5), (6, 3, 6), (15, 3, 15), (NULL, 4, NULL);
[ 10	]
#select min(aa) over (partition by bb) from analytics;
% sys.L4 # table_name
% L4 # name
% int # type
% 1 # length
[ 2	]
[ 2	]
[ 2	]
[ 3	]
[ 3	]
[ 3	]
[ 5	]
[ 5	]
[ 5	]
[ NULL	]
#select min(aa) over (partition by bb order by bb asc) from analytics;
% sys.L4 # table_name
% L4 # name
% int # type
% 1 # length
[ 2	]
[ 2	]
[ 2	]
[ 3	]
[ 3	]
[ 3	]
[ 5	]
[ 5	]
[ 5	]
[ NULL	]
#select min(aa) over (partition by bb order by bb desc) from analytics;
% sys.L4 # table_name
% L4 # name
% int # type
% 1 # length
[ NULL	]
[ 5	]
[ 5	]
[ 5	]
[ 3	]
[ 3	]
[ 3	]
[ 2	]
[ 2	]
[ 2	]
#select min(aa) over (order by bb desc) from analytics;
% sys.L4 # table_name
% L4 # name
% int # type
% 1 # length
[ 2	]
[ 2	]
[ 2	]
[ 2	]
[ 2	]
[ 2	]
[ 2	]
[ 2	]
[ 2	]
[ 2	]
#select max(aa) over (partition by bb) from analytics;
% sys.L4 # table_name
% L4 # name
% int # type
% 2 # length
[ 4	]
[ 4	]
[ 4	]
[ 8	]
[ 8	]
[ 8	]
[ 15	]
[ 15	]
[ 15	]
[ NULL	]
#select max(aa) over (partition by bb order by bb asc) from analytics;
% sys.L4 # table_name
% L4 # name
% int # type
% 2 # length
[ 4	]
[ 4	]
[ 4	]
[ 8	]
[ 8	]
[ 8	]
[ 15	]
[ 15	]
[ 15	]
[ NULL	]
#select max(aa) over (partition by bb order by bb desc) from analytics;
% sys.L4 # table_name
% L4 # name
% int # type
% 2 # length
[ NULL	]
[ 15	]
[ 15	]
[ 15	]
[ 8	]
[ 8	]
[ 8	]
[ 4	]
[ 4	]
[ 4	]
#select max(aa) over (order by bb desc) from analytics;
% sys.L4 # table_name
% L4 # name
% int # type
% 2 # length
[ 15	]
[ 15	]
[ 15	]
[ 15	]
[ 15	]
[ 15	]
[ 15	]
[ 15	]
[ 15	]
[ 15	]
#select cast(sum(aa) over (partition by bb) as bigint) from analytics;
% sys.L5 # table_name
% L5 # name
% bigint # type
% 2 # length
[ 9	]
[ 9	]
[ 9	]
[ 11	]
[ 11	]
[ 11	]
[ 26	]
[ 26	]
[ 26	]
[ NULL	]
#select cast(sum(aa) over (partition by bb order by bb asc) as bigint) from analytics;
% sys.L5 # table_name
% L5 # name
% bigint # type
% 2 # length
[ 9	]
[ 9	]
[ 9	]
[ 11	]
[ 11	]
[ 11	]
[ 26	]
[ 26	]
[ 26	]
[ NULL	]
#select cast(sum(aa) over (partition by bb order by bb desc) as bigint) from analytics;
% sys.L5 # table_name
% L5 # name
% bigint # type
% 2 # length
[ NULL	]
[ 26	]
[ 26	]
[ 26	]
[ 11	]
[ 11	]
[ 11	]
[ 9	]
[ 9	]
[ 9	]
#select cast(sum(aa) over (order by bb desc) as bigint) from analytics;
% sys.L5 # table_name
% L5 # name
% bigint # type
% 2 # length
[ 46	]
[ 46	]
[ 46	]
[ 46	]
[ 46	]
[ 46	]
[ 46	]
[ 46	]
[ 46	]
[ 46	]
#select cast(prod(aa) over (partition by bb) as bigint) from analytics;
% sys.L5 # table_name
% L5 # name
% bigint # type
% 3 # length
[ 24	]
[ 24	]
[ 24	]
[ 24	]
[ 24	]
[ 24	]
[ 450	]
[ 450	]
[ 450	]
[ NULL	]
#select cast(prod(aa) over (partition by bb order by bb asc) as bigint) from analytics;
% sys.L5 # table_name
% L5 # name
% bigint # type
% 3 # length
[ 24	]
[ 24	]
[ 24	]
[ 24	]
[ 24	]
[ 24	]
[ 450	]
[ 450	]
[ 450	]
[ NULL	]
#select cast(prod(aa) over (partition by bb order by bb desc) as bigint) from analytics;
% sys.L5 # table_name
% L5 # name
% bigint # type
% 3 # length
[ NULL	]
[ 450	]
[ 450	]
[ 450	]
[ 24	]
[ 24	]
[ 24	]
[ 24	]
[ 24	]
[ 24	]
#select cast(prod(aa) over (order by bb desc) as bigint) from analytics;
% sys.L5 # table_name
% L5 # name
% bigint # type
% 6 # length
[ 259200	]
[ 259200	]
[ 259200	]
[ 259200	]
[ 259200	]
[ 259200	]
[ 259200	]
[ 259200	]
[ 259200	]
[ 259200	]
#select avg(aa) over (partition by bb) from analytics;
% sys.L4 # table_name
% L4 # name
% double # type
% 24 # length
[ 3	]
[ 3	]
[ 3	]
[ 5.5	]
[ 5.5	]
[ 5.5	]
[ 8.666666667	]
[ 8.666666667	]
[ 8.666666667	]
[ NULL	]
#select avg(aa) over (partition by bb order by bb asc) from analytics;
% sys.L4 # table_name
% L4 # name
% double # type
% 24 # length
[ 3	]
[ 3	]
[ 3	]
[ 5.5	]
[ 5.5	]
[ 5.5	]
[ 8.666666667	]
[ 8.666666667	]
[ 8.666666667	]
[ NULL	]
#select avg(aa) over (partition by bb order by bb desc) from analytics;
% sys.L4 # table_name
% L4 # name
% double # type
% 24 # length
[ NULL	]
[ 8.666666667	]
[ 8.666666667	]
[ 8.666666667	]
[ 5.5	]
[ 5.5	]
[ 5.5	]
[ 3	]
[ 3	]
[ 3	]
#select avg(aa) over (order by bb desc) from analytics;
% sys.L4 # table_name
% L4 # name
% double # type
% 24 # length
[ 5.75	]
[ 5.75	]
[ 5.75	]
[ 5.75	]
[ 5.75	]
[ 5.75	]
[ 5.75	]
[ 5.75	]
[ 5.75	]
[ 5.75	]
#select count(aa) over (partition by bb) from analytics;
% sys.L4 # table_name
% L4 # name
% bigint # type
% 1 # length
[ 3	]
[ 3	]
[ 3	]
[ 2	]
[ 2	]
[ 2	]
[ 3	]
[ 3	]
[ 3	]
[ 0	]
#select count(aa) over (partition by bb order by bb asc) from analytics;
% sys.L4 # table_name
% L4 # name
% bigint # type
% 1 # length
[ 3	]
[ 3	]
[ 3	]
[ 2	]
[ 2	]
[ 2	]
[ 3	]
[ 3	]
[ 3	]
[ 0	]
#select count(aa) over (partition by bb order by bb desc) from analytics;
% sys.L4 # table_name
% L4 # name
% bigint # type
% 1 # length
[ 0	]
[ 3	]
[ 3	]
[ 3	]
[ 2	]
[ 2	]
[ 2	]
[ 3	]
[ 3	]
[ 3	]
#select count(aa) over (order by bb desc) from analytics;
% sys.L4 # table_name
% L4 # name
% bigint # type
% 1 # length
[ 8	]
[ 8	]
[ 8	]
[ 8	]
[ 8	]
[ 8	]
[ 8	]
[ 8	]
[ 8	]
[ 8	]
#select min(cc) over (partition by bb) from analytics;
% sys.L4 # table_name
% L4 # name
% bigint # type
% 1 # length
[ 2	]
[ 2	]
[ 2	]
[ 3	]
[ 3	]
[ 3	]
[ 5	]
[ 5	]
[ 5	]
[ NULL	]
#select min(cc) over (partition by bb order by bb asc) from analytics;
% sys.L4 # table_name
% L4 # name
% bigint # type
% 1 # length
[ 2	]
[ 2	]
[ 2	]
[ 3	]
[ 3	]
[ 3	]
[ 5	]
[ 5	]
[ 5	]
[ NULL	]
#select min(cc) over (partition by bb order by bb desc) from analytics;
% sys.L4 # table_name
% L4 # name
% bigint # type
% 1 # length
[ NULL	]
[ 5	]
[ 5	]
[ 5	]
[ 3	]
[ 3	]
[ 3	]
[ 2	]
[ 2	]
[ 2	]
#select min(cc) over (order by bb desc) from analytics;
% sys.L4 # table_name
% L4 # name
% bigint # type
% 1 # length
[ 2	]
[ 2	]
[ 2	]
[ 2	]
[ 2	]
[ 2	]
[ 2	]
[ 2	]
[ 2	]
[ 2	]
#select max(cc) over (partition by bb) from analytics;
% sys.L4 # table_name
% L4 # name
% bigint # type
% 2 # length
[ 4	]
[ 4	]
[ 4	]
[ 8	]
[ 8	]
[ 8	]
[ 15	]
[ 15	]
[ 15	]
[ NULL	]
#select max(cc) over (partition by bb order by bb asc) from analytics;
% sys.L4 # table_name
% L4 # name
% bigint # type
% 2 # length
[ 4	]
[ 4	]
[ 4	]
[ 8	]
[ 8	]
[ 8	]
[ 15	]
[ 15	]
[ 15	]
[ NULL	]
#select max(cc) over (partition by bb order by bb desc) from analytics;
% sys.L4 # table_name
% L4 # name
% bigint # type
% 2 # length
[ NULL	]
[ 15	]
[ 15	]
[ 15	]
[ 8	]
[ 8	]
[ 8	]
[ 4	]
[ 4	]
[ 4	]
#select max(cc) over (order by bb desc) from analytics;
% sys.L4 # table_name
% L4 # name
% bigint # type
% 2 # length
[ 15	]
[ 15	]
[ 15	]
[ 15	]
[ 15	]
[ 15	]
[ 15	]
[ 15	]
[ 15	]
[ 15	]
#select cast(sum(cc) over (partition by bb) as bigint) from analytics;
% sys.L5 # table_name
% L5 # name
% bigint # type
% 2 # length
[ 9	]
[ 9	]
[ 9	]
[ 11	]
[ 11	]
[ 11	]
[ 26	]
[ 26	]
[ 26	]
[ NULL	]
#select cast(sum(cc) over (partition by bb order by bb asc) as bigint) from analytics;
% sys.L5 # table_name
% L5 # name
% bigint # type
% 2 # length
[ 9	]
[ 9	]
[ 9	]
[ 11	]
[ 11	]
[ 11	]
[ 26	]
[ 26	]
[ 26	]
[ NULL	]
#select cast(sum(cc) over (partition by bb order by bb desc) as bigint) from analytics;
% sys.L5 # table_name
% L5 # name
% bigint # type
% 2 # length
[ NULL	]
[ 26	]
[ 26	]
[ 26	]
[ 11	]
[ 11	]
[ 11	]
[ 9	]
[ 9	]
[ 9	]
#select cast(sum(cc) over (order by bb desc) as bigint) from analytics;
% sys.L5 # table_name
% L5 # name
% bigint # type
% 2 # length
[ 46	]
[ 46	]
[ 46	]
[ 46	]
[ 46	]
[ 46	]
[ 46	]
[ 46	]
[ 46	]
[ 46	]
#select cast(prod(cc) over (partition by bb) as bigint) from analytics;
% sys.L5 # table_name
% L5 # name
% bigint # type
% 3 # length
[ 24	]
[ 24	]
[ 24	]
[ 24	]
[ 24	]
[ 24	]
[ 450	]
[ 450	]
[ 450	]
[ NULL	]
#select cast(prod(cc) over (partition by bb order by bb asc) as bigint) from analytics;
% sys.L5 # table_name
% L5 # name
% bigint # type
% 3 # length
[ 24	]
[ 24	]
[ 24	]
[ 24	]
[ 24	]
[ 24	]
[ 450	]
[ 450	]
[ 450	]
[ NULL	]
#select cast(prod(cc) over (partition by bb order by bb desc) as bigint) from analytics;
% sys.L5 # table_name
% L5 # name
% bigint # type
% 3 # length
[ NULL	]
[ 450	]
[ 450	]
[ 450	]
[ 24	]
[ 24	]
[ 24	]
[ 24	]
[ 24	]
[ 24	]
#select avg(cc) over (partition by bb) from analytics;
% sys.L4 # table_name
% L4 # name
% double # type
% 24 # length
[ 3	]
[ 3	]
[ 3	]
[ 5.5	]
[ 5.5	]
[ 5.5	]
[ 8.666666667	]
[ 8.666666667	]
[ 8.666666667	]
[ NULL	]
#select avg(cc) over (partition by bb order by bb asc) from analytics;
% sys.L4 # table_name
% L4 # name
% double # type
% 24 # length
[ 3	]
[ 3	]
[ 3	]
[ 5.5	]
[ 5.5	]
[ 5.5	]
[ 8.666666667	]
[ 8.666666667	]
[ 8.666666667	]
[ NULL	]
#select avg(cc) over (partition by bb order by bb desc) from analytics;
% sys.L4 # table_name
% L4 # name
% double # type
% 24 # length
[ NULL	]
[ 8.666666667	]
[ 8.666666667	]
[ 8.666666667	]
[ 5.5	]
[ 5.5	]
[ 5.5	]
[ 3	]
[ 3	]
[ 3	]
#select avg(cc) over (order by bb desc) from analytics;
% sys.L4 # table_name
% L4 # name
% double # type
% 24 # length
[ 5.75	]
[ 5.75	]
[ 5.75	]
[ 5.75	]
[ 5.75	]
[ 5.75	]
[ 5.75	]
[ 5.75	]
[ 5.75	]
[ 5.75	]
#select count(cc) over (partition by bb) from analytics;
% sys.L4 # table_name
% L4 # name
% bigint # type
% 1 # length
[ 3	]
[ 3	]
[ 3	]
[ 2	]
[ 2	]
[ 2	]
[ 3	]
[ 3	]
[ 3	]
[ 0	]
#select count(cc) over (partition by bb order by bb asc) from analytics;
% sys.L4 # table_name
% L4 # name
% bigint # type
% 1 # length
[ 3	]
[ 3	]
[ 3	]
[ 2	]
[ 2	]
[ 2	]
[ 3	]
[ 3	]
[ 3	]
[ 0	]
#select count(cc) over (partition by bb order by bb desc) from analytics;
% sys.L4 # table_name
% L4 # name
% bigint # type
% 1 # length
[ 0	]
[ 3	]
[ 3	]
[ 3	]
[ 2	]
[ 2	]
[ 2	]
[ 3	]
[ 3	]
[ 3	]
#select count(cc) over (order by bb desc) from analytics;
% sys.L4 # table_name
% L4 # name
% bigint # type
% 1 # length
[ 8	]
[ 8	]
[ 8	]
[ 8	]
[ 8	]
[ 8	]
[ 8	]
[ 8	]
[ 8	]
[ 8	]
#select count(*) over (partition by bb) from analytics;
% sys.L4 # table_name
% L4 # name
% bigint # type
% 1 # length
[ 3	]
[ 3	]
[ 3	]
[ 3	]
[ 3	]
[ 3	]
[ 3	]
[ 3	]
[ 3	]
[ 1	]
#select count(*) over (partition by bb order by bb asc) from analytics;
% sys.L4 # table_name
% L4 # name
% bigint # type
% 1 # length
[ 3	]
[ 3	]
[ 3	]
[ 3	]
[ 3	]
[ 3	]
[ 3	]
[ 3	]
[ 3	]
[ 1	]
#select count(*) over (partition by bb order by bb desc) from analytics;
% sys.L4 # table_name
% L4 # name
% bigint # type
% 1 # length
[ 1	]
[ 3	]
[ 3	]
[ 3	]
[ 3	]
[ 3	]
[ 3	]
[ 3	]
[ 3	]
[ 3	]
#select count(*) over (order by bb desc) from analytics;
% sys.L4 # table_name
% L4 # name
% bigint # type
% 2 # length
[ 10	]
[ 10	]
[ 10	]
[ 10	]
[ 10	]
[ 10	]
[ 10	]
[ 10	]
[ 10	]
[ 10	]
#select min(aa) over () from analytics;
% sys.L4 # table_name
% L4 # name
% int # type
% 2 # length
[ 15	]
[ 3	]
[ 2	]
[ 5	]
[ NULL	]
[ 3	]
[ 4	]
[ 6	]
[ 8	]
[ NULL	]
#select max(aa) over () from analytics;
% sys.L4 # table_name
% L4 # name
% int # type
% 2 # length
[ 15	]
[ 3	]
[ 2	]
[ 5	]
[ NULL	]
[ 3	]
[ 4	]
[ 6	]
[ 8	]
[ NULL	]
#select cast(sum(aa) over () as bigint) from analytics;
% sys.L5 # table_name
% L5 # name
% bigint # type
% 2 # length
[ 15	]
[ 3	]
[ 2	]
[ 5	]
[ NULL	]
[ 3	]
[ 4	]
[ 6	]
[ 8	]
[ NULL	]
#select cast(prod(aa) over () as bigint) from analytics;
% sys.L5 # table_name
% L5 # name
% bigint # type
% 2 # length
[ 15	]
[ 3	]
[ 2	]
[ 5	]
[ NULL	]
[ 3	]
[ 4	]
[ 6	]
[ 8	]
[ NULL	]
#select avg(aa) over () from analytics;
% sys.L4 # table_name
% L4 # name
% double # type
% 24 # length
[ 15	]
[ 3	]
[ 2	]
[ 5	]
[ NULL	]
[ 3	]
[ 4	]
[ 6	]
[ 8	]
[ NULL	]
#select count(aa) over () from analytics;
% sys.L4 # table_name
% L4 # name
% bigint # type
% 1 # length
[ 8	]
[ 8	]
[ 8	]
[ 8	]
[ 8	]
[ 8	]
[ 8	]
[ 8	]
[ 8	]
[ 8	]
#select count(*) over () from analytics;
% sys.L4 # table_name
% L4 # name
% bigint # type
% 2 # length
[ 10	]
[ 10	]
[ 10	]
[ 10	]
[ 10	]
[ 10	]
[ 10	]
[ 10	]
[ 10	]
[ 10	]
#create table stressme (aa varchar(64), bb int);
#insert into stressme values ('one', 1), ('another', 1), ('stress', 1), (NULL, 2), ('ok', 2), ('check', 3), ('me', 3), ('please', 3), (NULL, 4);
[ 9	]
#select min(aa) over (partition by bb) from stressme;
% sys.L4 # table_name
% L4 # name
% varchar # type
% 7 # length
[ "another"	]
[ "another"	]
[ "another"	]
[ "ok"	]
[ "ok"	]
[ "check"	]
[ "check"	]
[ "check"	]
[ NULL	]
#select min(aa) over (partition by bb order by bb asc) from stressme;
% sys.L4 # table_name
% L4 # name
% varchar # type
% 7 # length
[ "another"	]
[ "another"	]
[ "another"	]
[ "ok"	]
[ "ok"	]
[ "check"	]
[ "check"	]
[ "check"	]
[ NULL	]
#select min(aa) over (partition by bb order by bb desc) from stressme;
% sys.L4 # table_name
% L4 # name
% varchar # type
% 7 # length
[ NULL	]
[ "check"	]
[ "check"	]
[ "check"	]
[ "ok"	]
[ "ok"	]
[ "another"	]
[ "another"	]
[ "another"	]
#select min(aa) over (order by bb desc) from stressme;
% sys.L4 # table_name
% L4 # name
% varchar # type
% 7 # length
[ "another"	]
[ "another"	]
[ "another"	]
[ "another"	]
[ "another"	]
[ "another"	]
[ "another"	]
[ "another"	]
[ "another"	]
#select max(aa) over (partition by bb) from stressme;
% sys.L4 # table_name
% L4 # name
% varchar # type
% 6 # length
[ "stress"	]
[ "stress"	]
[ "stress"	]
[ "ok"	]
[ "ok"	]
[ "please"	]
[ "please"	]
[ "please"	]
[ NULL	]
#select max(aa) over (partition by bb order by bb asc) from stressme;
% sys.L4 # table_name
% L4 # name
% varchar # type
% 6 # length
[ "stress"	]
[ "stress"	]
[ "stress"	]
[ "ok"	]
[ "ok"	]
[ "please"	]
[ "please"	]
[ "please"	]
[ NULL	]
#select max(aa) over (partition by bb order by bb desc) from stressme;
% sys.L4 # table_name
% L4 # name
% varchar # type
% 6 # length
[ NULL	]
[ "please"	]
[ "please"	]
[ "please"	]
[ "ok"	]
[ "ok"	]
[ "stress"	]
[ "stress"	]
[ "stress"	]
#select max(aa) over (order by bb desc) from stressme;
% sys.L4 # table_name
% L4 # name
% varchar # type
% 6 # length
[ "stress"	]
[ "stress"	]
[ "stress"	]
[ "stress"	]
[ "stress"	]
[ "stress"	]
[ "stress"	]
[ "stress"	]
[ "stress"	]
#select count(aa) over (partition by bb) from stressme;
% sys.L4 # table_name
% L4 # name
% bigint # type
% 1 # length
[ 3	]
[ 3	]
[ 3	]
[ 1	]
[ 1	]
[ 3	]
[ 3	]
[ 3	]
[ 0	]
#select count(aa) over (partition by bb order by bb asc) from stressme;
% sys.L4 # table_name
% L4 # name
% bigint # type
% 1 # length
[ 3	]
[ 3	]
[ 3	]
[ 1	]
[ 1	]
[ 3	]
[ 3	]
[ 3	]
[ 0	]
#select count(aa) over (partition by bb order by bb desc) from stressme;
% sys.L4 # table_name
% L4 # name
% bigint # type
% 1 # length
[ 0	]
[ 3	]
[ 3	]
[ 3	]
[ 1	]
[ 1	]
[ 3	]
[ 3	]
[ 3	]
#select count(aa) over (order by bb desc) from stressme;
% sys.L4 # table_name
% L4 # name
% bigint # type
% 1 # length
[ 7	]
[ 7	]
[ 7	]
[ 7	]
[ 7	]
[ 7	]
[ 7	]
[ 7	]
[ 7	]
#select count(*) over (partition by bb) from stressme;
% sys.L4 # table_name
% L4 # name
% bigint # type
% 1 # length
[ 3	]
[ 3	]
[ 3	]
[ 2	]
[ 2	]
[ 3	]
[ 3	]
[ 3	]
[ 1	]
#select count(*) over (partition by bb order by bb asc) from stressme;
% sys.L4 # table_name
% L4 # name
% bigint # type
% 1 # length
[ 3	]
[ 3	]
[ 3	]
[ 2	]
[ 2	]
[ 3	]
[ 3	]
[ 3	]
[ 1	]
#select count(*) over (partition by bb order by bb desc) from stressme;
% sys.L4 # table_name
% L4 # name
% bigint # type
% 1 # length
[ 1	]
[ 3	]
[ 3	]
[ 3	]
[ 2	]
[ 2	]
[ 3	]
[ 3	]
[ 3	]
#select count(*) over (order by bb desc) from stressme;
% sys.L4 # table_name
% L4 # name
% bigint # type
% 1 # length
[ 9	]
[ 9	]
[ 9	]
[ 9	]
[ 9	]
[ 9	]
[ 9	]
[ 9	]
[ 9	]
#select min(bb) over (partition by aa) from stressme;
% sys.L4 # table_name
% L4 # name
% int # type
% 1 # length
[ 2	]
[ 2	]
[ 1	]
[ 3	]
[ 3	]
[ 2	]
[ 1	]
[ 3	]
[ 1	]
#select min(bb) over (partition by aa order by aa asc) from stressme;
% sys.L4 # table_name
% L4 # name
% int # type
% 1 # length
[ 2	]
[ 2	]
[ 1	]
[ 3	]
[ 3	]
[ 2	]
[ 1	]
[ 3	]
[ 1	]
#select min(bb) over (partition by aa order by aa desc) from stressme;
% sys.L4 # table_name
% L4 # name
% int # type
% 1 # length
[ 1	]
[ 3	]
[ 1	]
[ 2	]
[ 3	]
[ 3	]
[ 1	]
[ 2	]
[ 2	]
#select min(bb) over (order by aa desc) from stressme;
% sys.L4 # table_name
% L4 # name
% int # type
% 1 # length
[ 1	]
[ 1	]
[ 1	]
[ 1	]
[ 1	]
[ 1	]
[ 1	]
[ 1	]
[ 1	]
#select max(bb) over (partition by aa) from stressme;
% sys.L4 # table_name
% L4 # name
% int # type
% 1 # length
[ 4	]
[ 4	]
[ 1	]
[ 3	]
[ 3	]
[ 2	]
[ 1	]
[ 3	]
[ 1	]
#select max(bb) over (partition by aa order by aa asc) from stressme;
% sys.L4 # table_name
% L4 # name
% int # type
% 1 # length
[ 4	]
[ 4	]
[ 1	]
[ 3	]
[ 3	]
[ 2	]
[ 1	]
[ 3	]
[ 1	]
#select max(bb) over (partition by aa order by aa desc) from stressme;
% sys.L4 # table_name
% L4 # name
% int # type
% 1 # length
[ 1	]
[ 3	]
[ 1	]
[ 2	]
[ 3	]
[ 3	]
[ 1	]
[ 4	]
[ 4	]
#select max(bb) over (order by aa desc) from stressme;
% sys.L4 # table_name
% L4 # name
% int # type
% 1 # length
[ 4	]
[ 4	]
[ 4	]
[ 4	]
[ 4	]
[ 4	]
[ 4	]
[ 4	]
[ 4	]
#select cast(sum(bb) over (partition by aa) as bigint) from analytics;
% sys.L5 # table_name
% L5 # name
% bigint # type
% 1 # length
[ 6	]
[ 6	]
[ 1	]
[ 3	]
[ 3	]
[ 1	]
[ 3	]
[ 3	]
[ 2	]
[ 3	]
#select cast(sum(bb) over (partition by aa order by aa asc) as bigint) from analytics;
% sys.L5 # table_name
% L5 # name
% bigint # type
% 1 # length
[ 6	]
[ 6	]
[ 1	]
[ 3	]
[ 3	]
[ 1	]
[ 3	]
[ 3	]
[ 2	]
[ 3	]
#select cast(sum(bb) over (partition by aa order by aa desc) as bigint) from analytics;
% sys.L5 # table_name
% L5 # name
% bigint # type
% 1 # length
[ 3	]
[ 2	]
[ 3	]
[ 3	]
[ 1	]
[ 3	]
[ 3	]
[ 1	]
[ 6	]
[ 6	]
#select cast(sum(bb) over (order by aa desc) as bigint) from analytics;
% sys.L5 # table_name
% L5 # name
% bigint # type
% 2 # length
[ 22	]
[ 22	]
[ 22	]
[ 22	]
[ 22	]
[ 22	]
[ 22	]
[ 22	]
[ 22	]
[ 22	]
#select cast(prod(bb) over (partition by aa) as bigint) from analytics;
% sys.L5 # table_name
% L5 # name
% bigint # type
% 1 # length
[ 8	]
[ 8	]
[ 1	]
[ 2	]
[ 2	]
[ 1	]
[ 3	]
[ 3	]
[ 2	]
[ 3	]
#select cast(prod(bb) over (partition by aa order by aa asc) as bigint) from analytics;
% sys.L5 # table_name
% L5 # name
% bigint # type
% 1 # length
[ 8	]
[ 8	]
[ 1	]
[ 2	]
[ 2	]
[ 1	]
[ 3	]
[ 3	]
[ 2	]
[ 3	]
#select cast(prod(bb) over (partition by aa order by aa desc) as bigint) from analytics;
% sys.L5 # table_name
% L5 # name
% bigint # type
% 1 # length
[ 3	]
[ 2	]
[ 3	]
[ 3	]
[ 1	]
[ 2	]
[ 2	]
[ 1	]
[ 8	]
[ 8	]
#select avg(bb) over (partition by aa) from analytics;
% sys.L4 # table_name
% L4 # name
% double # type
% 24 # length
[ 3	]
[ 3	]
[ 1	]
[ 1.5	]
[ 1.5	]
[ 1	]
[ 3	]
[ 3	]
[ 2	]
[ 3	]
#select avg(bb) over (partition by aa order by aa asc) from analytics;
% sys.L4 # table_name
% L4 # name
% double # type
% 24 # length
[ 3	]
[ 3	]
[ 1	]
[ 1.5	]
[ 1.5	]
[ 1	]
[ 3	]
[ 3	]
[ 2	]
[ 3	]
#select avg(bb) over (partition by aa order by aa desc) from analytics;
% sys.L4 # table_name
% L4 # name
% double # type
% 24 # length
[ 3	]
[ 2	]
[ 3	]
[ 3	]
[ 1	]
[ 1.5	]
[ 1.5	]
[ 1	]
[ 3	]
[ 3	]
#select avg(bb) over (order by aa desc) from analytics;
% sys.L4 # table_name
% L4 # name
% double # type
% 24 # length
[ 2.2	]
[ 2.2	]
[ 2.2	]
[ 2.2	]
[ 2.2	]
[ 2.2	]
[ 2.2	]
[ 2.2	]
[ 2.2	]
[ 2.2	]
#select count(bb) over (partition by aa) from stressme;
% sys.L4 # table_name
% L4 # name
% bigint # type
% 1 # length
[ 2	]
[ 2	]
[ 1	]
[ 1	]
[ 1	]
[ 1	]
[ 1	]
[ 1	]
[ 1	]
#select count(bb) over (partition by aa order by aa asc) from stressme;
% sys.L4 # table_name
% L4 # name
% bigint # type
% 1 # length
[ 2	]
[ 2	]
[ 1	]
[ 1	]
[ 1	]
[ 1	]
[ 1	]
[ 1	]
[ 1	]
#select count(bb) over (partition by aa order by aa desc) from stressme;
% sys.L4 # table_name
% L4 # name
% bigint # type
% 1 # length
[ 1	]
[ 1	]
[ 1	]
[ 1	]
[ 1	]
[ 1	]
[ 1	]
[ 2	]
[ 2	]
#select count(bb) over (order by aa desc) from stressme;
% sys.L4 # table_name
% L4 # name
% bigint # type
% 1 # length
[ 9	]
[ 9	]
[ 9	]
[ 9	]
[ 9	]
[ 9	]
[ 9	]
[ 9	]
[ 9	]
#select count(*) over (partition by aa) from stressme;
% sys.L4 # table_name
% L4 # name
% bigint # type
% 1 # length
[ 2	]
[ 2	]
[ 1	]
[ 1	]
[ 1	]
[ 1	]
[ 1	]
[ 1	]
[ 1	]
#select count(*) over (partition by aa order by aa asc) from stressme;
% sys.L4 # table_name
% L4 # name
% bigint # type
% 1 # length
[ 2	]
[ 2	]
[ 1	]
[ 1	]
[ 1	]
[ 1	]
[ 1	]
[ 1	]
[ 1	]
#select count(*) over (partition by aa order by aa desc) from stressme;
% sys.L4 # table_name
% L4 # name
% bigint # type
% 1 # length
[ 1	]
[ 1	]
[ 1	]
[ 1	]
[ 1	]
[ 1	]
[ 1	]
[ 2	]
[ 2	]
#select count(*) over (order by aa desc) from stressme;
% sys.L4 # table_name
% L4 # name
% bigint # type
% 1 # length
[ 9	]
[ 9	]
[ 9	]
[ 9	]
[ 9	]
[ 9	]
[ 9	]
[ 9	]
[ 9	]
#create table debugme (aa real, bb int);
#insert into debugme values (15, 3), (3, 1), (2, 1), (5, 3), (NULL, 2), (3, 2), (4, 1), (6, 3), (8, 2), (NULL, 4);
[ 10	]
#select sum(aa) over (partition by bb) from debugme;
% sys.L4 # table_name
% L4 # name
% real # type
% 15 # length
[ 9	]
[ 9	]
[ 9	]
[ 11	]
[ 11	]
[ 11	]
[ 26	]
[ 26	]
[ 26	]
[ NULL	]
#select sum(aa) over (partition by bb order by bb asc) from debugme;
% sys.L4 # table_name
% L4 # name
% real # type
% 15 # length
[ 9	]
[ 9	]
[ 9	]
[ 11	]
[ 11	]
[ 11	]
[ 26	]
[ 26	]
[ 26	]
[ NULL	]
#select sum(aa) over (partition by bb order by bb desc) from debugme;
% sys.L4 # table_name
% L4 # name
% real # type
% 15 # length
[ NULL	]
[ 26	]
[ 26	]
[ 26	]
[ 11	]
[ 11	]
[ 11	]
[ 9	]
[ 9	]
[ 9	]
#select sum(aa) over (order by bb desc) from debugme;
% sys.L4 # table_name
% L4 # name
% real # type
% 15 # length
[ 46	]
[ 46	]
[ 46	]
[ 46	]
[ 46	]
[ 46	]
[ 46	]
[ 46	]
[ 46	]
[ 46	]
#select prod(aa) over (partition by bb) from debugme;
% sys.L4 # table_name
% L4 # name
% real # type
% 15 # length
[ 24	]
[ 24	]
[ 24	]
[ 24	]
[ 24	]
[ 24	]
[ 450	]
[ 450	]
[ 450	]
[ NULL	]
#select prod(aa) over (partition by bb order by bb asc) from debugme;
% sys.L4 # table_name
% L4 # name
% real # type
% 15 # length
[ 24	]
[ 24	]
[ 24	]
[ 24	]
[ 24	]
[ 24	]
[ 450	]
[ 450	]
[ 450	]
[ NULL	]
#select prod(aa) over (partition by bb order by bb desc) from debugme;
% sys.L4 # table_name
% L4 # name
% real # type
% 15 # length
[ NULL	]
[ 450	]
[ 450	]
[ 450	]
[ 24	]
[ 24	]
[ 24	]
[ 24	]
[ 24	]
[ 24	]
#select prod(aa) over (order by bb desc) from debugme;
% sys.L4 # table_name
% L4 # name
% real # type
% 15 # length
[ 2.592e+05	]
[ 2.592e+05	]
[ 2.592e+05	]
[ 2.592e+05	]
[ 2.592e+05	]
[ 2.592e+05	]
[ 2.592e+05	]
[ 2.592e+05	]
[ 2.592e+05	]
[ 2.592e+05	]
#select avg(aa) over (partition by bb) from debugme;
% sys.L4 # table_name
% L4 # name
% double # type
% 24 # length
[ 3	]
[ 3	]
[ 3	]
[ 5.5	]
[ 5.5	]
[ 5.5	]
[ 8.666666667	]
[ 8.666666667	]
[ 8.666666667	]
[ NULL	]
#select avg(aa) over (partition by bb order by bb asc) from debugme;
% sys.L4 # table_name
% L4 # name
% double # type
% 24 # length
[ 3	]
[ 3	]
[ 3	]
[ 5.5	]
[ 5.5	]
[ 5.5	]
[ 8.666666667	]
[ 8.666666667	]
[ 8.666666667	]
[ NULL	]
#select avg(aa) over (partition by bb order by bb desc) from debugme;
% sys.L4 # table_name
% L4 # name
% double # type
% 24 # length
[ NULL	]
[ 8.666666667	]
[ 8.666666667	]
[ 8.666666667	]
[ 5.5	]
[ 5.5	]
[ 5.5	]
[ 3	]
[ 3	]
[ 3	]
#select avg(aa) over (order by bb desc) from debugme;
% sys.L4 # table_name
% L4 # name
% double # type
% 24 # length
[ 5.75	]
[ 5.75	]
[ 5.75	]
[ 5.75	]
[ 5.75	]
[ 5.75	]
[ 5.75	]
[ 5.75	]
[ 5.75	]
[ 5.75	]
#rollback;

# 11:15:55 >  
# 11:15:55 >  "Done."
# 11:15:55 >  

