stdout of test 'str_to_time.Bug-6791` in directory 'sql/test/BugTracker-2019` itself:


# 17:30:27 >  
# 17:30:27 >  "mserver5" "--debug=10" "--set" "gdk_nr_threads=0" "--set" "mapi_open=true" "--set" "mapi_port=35094" "--set" "mapi_usock=/var/tmp/mtest-17372/.s.monetdb.35094" "--forcemito" "--dbpath=/home/dinther/dev/dev/INSTALL/var/MonetDB/mTests_sql_test_BugTracker-2019" "--set" "embedded_c=true"
# 17:30:27 >  

# MonetDB 5 server v11.35.4 (hg id: 53f7286e297d)
# This is an unreleased version
# Serving database 'mTests_sql_test_BugTracker-2019', using 8 threads
# Compiled for x86_64-pc-linux-gnu/64bit with 128bit integers
# Found 31.243 GiB available main-memory of which we use 25.463 GiB
# Copyright (c) 1993 - July 2008 CWI.
# Copyright (c) August 2008 - 2019 MonetDB B.V., all rights reserved
# Visit https://www.monetdb.org/ for further information
# Listening for connection requests on mapi:monetdb://localhost.localdomain:35094/
# Listening for UNIX domain connection requests on mapi:monetdb:///var/tmp/mtest-17372/.s.monetdb.35094
# MonetDB/GIS module loaded
# MonetDB/SQL module loaded

# 17:30:27 >  
# 17:30:27 >  "mclient" "-lsql" "-ftest" "-tnone" "-Eutf-8" "-i" "-e" "--host=/var/tmp/mtest-17372" "--port=35094"
# 17:30:27 >  

#SELECT str_to_date('23-09-1987', '%d-%m-%Y') AS "date",
#       str_to_time('11:40', '%H:%M') AS "time",
#       str_to_timestamp('23-09-1987 11:40', '%d-%m-%Y %H:%M') AS "timestamp";
% .L2,	.L4,	.L6 # table_name
% date,	time,	timestamp # name
% date,	time,	timestamp # type
% 10,	8,	26 # length
[ 1987-09-23,	11:40:00,	1987-09-23 11:40:00.000000	]

# 17:30:27 >  
# 17:30:27 >  "Done."
# 17:30:27 >  

