stdout of test 'testgetinfo` in directory 'sql/odbc/samples` itself:


# 11:43:58 >  
# 11:43:58 >  Mtimeout -timeout 180  Mserver "--config=/ufs/sjoerd/Monet-Stable/etc/MonetDB.conf" --debug=10 --set "monet_mod_path=/ufs/sjoerd/src/MonetDB/stable/sql/x86_64-unknown-linux-gnu/src/backends/monet4/.libs:/ufs/sjoerd/src/MonetDB/stable/sql/x86_64-unknown-linux-gnu/src/backends/monet4:/ufs/sjoerd/src/MonetDB/stable/sql/src/backends/monet4:/ufs/sjoerd/Monet-Stable/lib64/MonetDB4:/ufs/sjoerd/Monet-Stable/lib64/MonetDB4/lib:/ufs/sjoerd/Monet-Stable/lib64/MonetDB4/bin" --set "gdk_dbfarm=/ufs/sjoerd/src/MonetDB/stable/sql/x86_64-unknown-linux-gnu/dbfarm" --set "sql_logdir=/ufs/sjoerd/src/MonetDB/stable/sql/x86_64-unknown-linux-gnu/sql_logs" --set "xquery_logdir=/ufs/sjoerd/src/MonetDB/stable/sql/x86_64-unknown-linux-gnu/xquery_logs" --set mapi_open=true --set mapi_port=34419 --set xrpc_port=47150 --set monet_prompt= --trace "--dbname=mTests_src_odbc_samples" --dbinit=" module(sql_server);" ; echo ; echo Over..
# 11:43:58 >  

# Monet Database Server V4.18.1
# Copyright (c) 1993-2007, CWI. All rights reserved.
# Compiled for x86_64-redhat-linux-gnu/64bit with 64bit OIDs; dynamically linked.
# Visit http://monetdb.cwi.nl/ for further information.


Ready.


# 11:43:58 >  
# 11:43:58 >  Mtimeout -timeout 60 ./testgetinfo.SQL testgetinfo 
# 11:43:58 >  


# 11:43:58 >  
# 11:43:58 >  testgetinfo
# 11:43:58 >  

SQL_ACCESSIBLE_PROCEDURES: N
SQL_ACCESSIBLE_TABLES: N
SQL_ACTIVE_ENVIRONMENTS: 0
SQL_AGGREGATE_FUNCTIONS: 0x7f
SQL_ALTER_DOMAIN: 0x0
SQL_ALTER_TABLE: 0xff6b
SQL_ASYNC_MODE: 0x0
SQL_BATCH_ROW_COUNT: 0x2
SQL_BATCH_SUPPORT: 0x3
SQL_BOOKMARK_PERSISTENCE: 0x0
SQL_CATALOG_LOCATION: 0x0
SQL_CATALOG_NAME_SEPARATOR: 
SQL_CATALOG_NAME: N
SQL_CATALOG_TERM: 
SQL_CATALOG_USAGE: 0x0
SQL_COLLATION_SEQ: UTF-8
SQL_COLUMN_ALIAS: Y
SQL_CONCAT_NULL_BEHAVIOR: 0x0
SQL_CONVERT_BIGINT: 0x1873ff
SQL_CONVERT_BINARY: 0x40f01
SQL_CONVERT_BIT: 0x7319
SQL_CONVERT_CHAR: 0x11fffff
SQL_CONVERT_DATE: 0x28301
SQL_CONVERT_DECIMAL: 0x1063ff
SQL_CONVERT_DOUBLE: 0x63ff
SQL_CONVERT_FLOAT: 0x63ff
SQL_CONVERT_FUNCTIONS: 0x3
SQL_CONVERT_INTEGER: 0x1873ff
SQL_CONVERT_INTERVAL_DAY_TIME: 0x116319
SQL_CONVERT_INTERVAL_YEAR_MONTH: 0x86319
SQL_CONVERT_LONGVARBINARY: 0x40f01
SQL_CONVERT_LONGVARCHAR: 0x11fffff
SQL_CONVERT_NUMERIC: 0x1063ff
SQL_CONVERT_REAL: 0x63ff
SQL_CONVERT_SMALLINT: 0x1873ff
SQL_CONVERT_TIME: 0x110301
SQL_CONVERT_TIMESTAMP: 0x38301
SQL_CONVERT_TINYINT: 0x1873ff
SQL_CONVERT_VARBINARY: 0x40f01
SQL_CONVERT_VARCHAR: 0x11fffff
SQL_CORRELATION_NAME: 0x2
SQL_CREATE_SCHEMA: 0x3
SQL_CREATE_TABLE: 0x361f
SQL_CREATE_TRANSLATION: 0x0
SQL_CREATE_VIEW: 0x3
SQL_CURSOR_COMMIT_BEHAVIOR: 0x0
SQL_CURSOR_ROLLBACK_BEHAVIOR: 0x0
SQL_CURSOR_SENSITIVITY: 0x1
SQL_DATABASE_NAME: mTests_sql_odbc_samples
SQL_DATA_SOURCE_NAME: MonetDB-Test
SQL_DATA_SOURCE_READ_ONLY: N
SQL_DBMS_NAME: MonetDB
#SQL_DBMS_VER: 11.33.0000
SQL_DDL_INDEX: 0x3
SQL_DEFAULT_TXN_ISOLATION: 0x8
SQL_DESCRIBE_PARAMETER: N
SQL_DM_VER: 03.52.0002.0003
SQL_DRIVER_NAME: MonetDBODBClib
SQL_DRIVER_ODBC_VER: 03.52
#SQL_DRIVER_VER: 11.33.0000 unreleased
SQL_DROP_ASSERTION: 0x0
SQL_DROP_CHARACTER_SET: 0x0
SQL_DROP_COLLATION: 0x0
SQL_DROP_DOMAIN: 0x0
SQL_DROP_SCHEMA: 0x7
SQL_DROP_TABLE: 0x7
SQL_DROP_TRANSLATION: 0x0
SQL_DROP_VIEW: 0x7
SQL_DYNAMIC_CURSOR_ATTRIBUTES1: 0x7
SQL_DYNAMIC_CURSOR_ATTRIBUTES2: 0x0
SQL_EXPRESSIONS_IN_ORDERBY: Y
SQL_FETCH_DIRECTION: 0x3f
SQL_FILE_USAGE: 0x0
SQL_FORWARD_ONLY_CURSOR_ATTRIBUTES1: 0x1
SQL_FORWARD_ONLY_CURSOR_ATTRIBUTES2: 0x0
SQL_GETDATA_EXTENSIONS: 0xf
SQL_GROUP_BY: 0x3
SQL_IDENTIFIER_CASE: 0x2
SQL_IDENTIFIER_QUOTE_CHAR: "
SQL_INFO_SCHEMA_VIEWS: 0x0
SQL_INSERT_STATEMENT: 0x7
SQL_INTEGRITY: N
SQL_KEYSET_CURSOR_ATTRIBUTES1: 0x0
SQL_KEYSET_CURSOR_ATTRIBUTES2: 0x0
SQL_KEYWORDS: ADD,ADMIN,AFTER,AGGREGATE,ALL,ALTER,ALWAYS,AND,ANY,ASYMMETRIC,ATOMIC,AUTO_INCREMENT,BEFORE,BEST,BIGINT,BIGSERIAL,BINARY,BLOB,CALL,CHAIN,CLOB,COMMITTED,COPY,CUME_DIST,CURRENT_ROLE,DELIMITERS,DENSE_RANK,DO,EACH,EFFORT,ELSEIF,ENCRYPTED,EVERY,EXCLUDE,FOLLOWING,FUNCTION,FWF,GENERATED,GEOMETRYCOLLECTION,GEOMETRYCOLLECTIONM,GEOMETRYCOLLECTIONZ,GEOMETRYCOLLECTIONZM,HUGEINT,IF,ILIKE,LATERAL,LIMIT,LINESTRING,LINESTRINGM,LINESTRINGZ,LINESTRINGZM,LOADER,LOCALTIME,LOCALTIMESTAMP,LOCKED,MEDIUMINT,MERGE,MULTILINESTRING,MULTILINESTRINGM,MULTILINESTRINGZ,MULTILINESTRINGZM,MULTIPOINT,MULTIPOINTM,MULTIPOINTZ,MULTIPOINTZM,MULTIPOLYGON,MULTIPOLYGONM,MULTIPOLYGONZ,MULTIPOLYGONZM,NEW,NOCYCLE,NOMAXVALUE,NOMINVALUE,NOW,OFFSET,OLD,ORDERED,OTHERS,OVER,PARTITION,PERCENT_RANK,POINT,POINTM,POINTZ,POINTZM,POLYGON,POLYGONM,POLYGONZ,POLYGONZM,PRECEDING,RANGE,RANK,RECORDS,REFERENCING,REMOTE,RENAME,REPEATABLE,REPLICA,RESTART,RETURN,RETURNS,ROW_NUMBER,SAMPLE,SAVEPOINT,SEQUENCE,SERIAL,SERIALIZABLE,SIMPLE,SPLIT_PART,STDIN,STDOUT,STREAM,STRING,SYMMETRIC,TIES,TINYINT,TRIGGER,TRUNCATE,UNBOUNDED,UNCOMMITTED,UNENCRYPTED,WHILE,WINDOW,XMLAGG,XMLATTRIBUTES,XMLCOMMENT,XMLCONCAT,XMLDOCUMENT,XMLELEMENT,XMLFOREST,XMLNAMESPACES,XMLPARSE,XMLPI,XMLQUERY,XMLSCHEMA,XMLTEXT,XMLVALIDATE
SQL_LIKE_ESCAPE_CLAUSE: Y
SQL_LOCK_TYPES: 0x1
SQL_MAX_ASYNC_CONCURRENT_STATEMENTS: 0
SQL_MAX_BINARY_LITERAL_LEN: 0
SQL_MAX_CATALOG_NAME_LEN: 0
SQL_MAX_CHAR_LITERAL_LEN: 0
SQL_MAX_COLUMN_NAME_LEN: 1024
SQL_MAX_COLUMNS_IN_GROUP_BY: 0
SQL_MAX_COLUMNS_IN_INDEX: 0
SQL_MAX_COLUMNS_IN_ORDER_BY: 0
SQL_MAX_COLUMNS_IN_SELECT: 0
SQL_MAX_COLUMNS_IN_TABLE: 0
SQL_MAX_CONCURRENT_ACTIVITIES: 0
SQL_MAX_CURSOR_NAME_LEN: 0
SQL_MAX_DRIVER_CONNECTIONS: 64
SQL_MAX_IDENTIFIER_LEN: 1024
SQL_MAX_INDEX_SIZE: 0
SQL_MAX_PROCEDURE_NAME_LEN: 256
SQL_MAX_ROW_SIZE_INCLUDES_LONG: Y
SQL_MAX_ROW_SIZE: 0
SQL_MAX_SCHEMA_NAME_LEN: 1024
SQL_MAX_STATEMENT_LEN: 0
SQL_MAX_TABLE_NAME_LEN: 1024
SQL_MAX_TABLES_IN_SELECT: 0
SQL_MAX_USER_NAME_LEN: 1024
SQL_MULTIPLE_ACTIVE_TXN: Y
SQL_MULT_RESULT_SETS: Y
SQL_NEED_LONG_DATA_LEN: N
SQL_NON_NULLABLE_COLUMNS: 0x1
SQL_NULL_COLLATION: 0x1
SQL_NUMERIC_FUNCTIONS: 0xffffff
SQL_ODBC_API_CONFORMANCE: 0x2
SQL_ODBC_INTERFACE_CONFORMANCE: 0x1
SQL_ODBC_SAG_CLI_CONFORMANCE: 0x1
SQL_ODBC_SQL_CONFORMANCE: 0x1
SQL_ODBC_VER: 03.52
SQL_OJ_CAPABILITIES: 0x77
SQL_ORDER_BY_COLUMNS_IN_SELECT: N
SQL_OUTER_JOINS: Y
SQL_PARAM_ARRAY_ROW_COUNTS: 0x1
SQL_PARAM_ARRAY_SELECTS: 0x3
SQL_POSITIONED_STATEMENTS: 0x4
SQL_POS_OPERATIONS: 0x1
SQL_PROCEDURES: Y
SQL_PROCEDURE_TERM: procedure
SQL_QUOTED_IDENTIFIER_CASE: 0x3
SQL_ROW_UPDATES: N
SQL_SCHEMA_TERM: schema
SQL_SCHEMA_USAGE: 0x1f
SQL_SCROLL_CONCURRENCY: 0x1
SQL_SCROLL_OPTIONS: 0x10
SQL_SEARCH_PATTERN_ESCAPE: \
SQL_SERVER_NAME: MonetDB
SQL_SPECIAL_CHARACTERS: !$&'()*+,-./:;<=>?@[]^`{|}~
SQL_SQL_CONFORMANCE: 0x8
SQL_STATIC_CURSOR_ATTRIBUTES1: 0x7
SQL_STATIC_CURSOR_ATTRIBUTES2: 0x0
SQL_STRING_FUNCTIONS: 0xf7ffff
SQL_SUBQUERIES: 0x1f
SQL_SYSTEM_FUNCTIONS: 0x7
SQL_TABLE_TERM: table
SQL_TIMEDATE_ADD_INTERVALS: 0x0
SQL_TIMEDATE_DIFF_INTERVALS: 0x0
SQL_TIMEDATE_FUNCTIONS: 0x1e1fff
SQL_TXN_CAPABLE: 0x2
SQL_TXN_ISOLATION_OPTION: 0x8
SQL_UNION: 0x3
SQL_USER_NAME: monetdb
SQL_XOPEN_CLI_YEAR: 1995

# 11:43:58 >  
# 11:43:58 >  Done.
# 11:43:58 >  

