stdout of test 'monetdb_snapshot` in directory 'tools/merovingian/client` itself:


# 15:32:36 >  
# 15:32:36 >  "/home/jvr/lib/pyenv/versions/3.7.5/bin/python3.7" "monetdb_snapshot.py" "monetdb_snapshot"
# 15:32:36 >  

-- CREATE FARM
created database in maintenance mode: foo1
taken database out of maintenance mode: foo1
operation successful
1 affected row
created database in maintenance mode: foo2
taken database out of maintenance mode: foo2
operation successful
1 affected row
created database in maintenance mode: bar
taken database out of maintenance mode: bar
operation successful
1 affected row

-- CHECK SNAPDIR NOT SET
-- CREATE
snapshotting database 'foo1'... FAILED
-- SET SNAPDIR
-- CREATE
snapshotting database 'foo1'... done
-- LIST
-- RESTORE
-- DESTROY
destroyed database: foo_restored
-- CHECK
-- SNAPSHOT MULTI
snapshotting database 'foo1'... done
snapshotting database 'foo2'... done
snapshotting database 'bar'... done
snapshotting database 'foo1'... done
snapshotting database 'foo2'... done
['name', 'foo1@1', 'foo2@1']
['name', 'bar@1', 'foo1@1', '@2', 'foo2@1', '@2']
-- RESTORE OVER EXISTING
-- CUSTOM FILENAME
snapshotting database 'foo1'... done

# 15:32:48 >  
# 15:32:48 >  "Done."
# 15:32:48 >  

