stdout of test '16` in directory 'sql/benchmarks/tpcds` itself:


# 11:40:04 >  
# 11:40:04 >  "mserver5" "--debug=10" "--set" "gdk_nr_threads=0" "--set" "mapi_open=true" "--set" "mapi_port=30709" "--set" "mapi_usock=/var/tmp/mtest-16393/.s.monetdb.30709" "--set" "monet_prompt=" "--forcemito" "--dbpath=/ufs/sjoerd/@Monet-devel/var/MonetDB/mTests_sql_benchmarks_tpcds" "--set" "embedded_c=true"
# 11:40:04 >  

# MonetDB 5 server v11.32.0 (hg id: edafb9f9a3c6+79d16e518d38+)
# This is an unreleased version
# Serving database 'mTests_sql_benchmarks_tpcds', using 8 threads
# Compiled for x86_64-pc-linux-gnu/64bit with 128bit integers
# Found 62.694 GiB available main-memory.
# Copyright (c) 1993 - July 2008 CWI.
# Copyright (c) August 2008 - 2019 MonetDB B.V., all rights reserved
# Visit https://www.monetdb.org/ for further information
# Listening for connection requests on mapi:monetdb://methuselah.da.cwi.nl:30709/
# Listening for UNIX domain connection requests on mapi:monetdb:///var/tmp/mtest-16393/.s.monetdb.30709
# MonetDB/GIS module loaded
# MonetDB/SQL module loaded

Ready.

# 11:40:04 >  
# 11:40:04 >  "mclient" "-lsql" "-ftest" "-tnone" "-Eutf-8" "-i" "-e" "--host=/var/tmp/mtest-16393" "--port=30709"
# 11:40:04 >  

#SELECT count(DISTINCT cs_order_number) AS "order count",
#       sum(cs_ext_ship_cost) AS "total shipping cost",
#       sum(cs_net_profit) AS "total net profit"
#FROM catalog_sales cs1,
#     date_dim,
#     customer_address,
#     call_center
#WHERE d_date BETWEEN '2002-02-01' AND cast('2002-04-02' AS date)
#  AND cs1.cs_ship_date_sk = d_date_sk
#  AND cs1.cs_ship_addr_sk = ca_address_sk
#  AND ca_state = 'GA'
#  AND cs1.cs_call_center_sk = cc_call_center_sk
#  AND cc_county = 'Williamson County'
#  AND EXISTS
#    (SELECT *
% .L24,	.L27,	.L32 # table_name
% "order count",	"total shipping cost",	"total net profit" # name
% bigint,	decimal,	decimal # type
% 3,	40,	40 # length
[ 236,	1062963.89,	-214910.61	]

# 11:40:04 >  
# 11:40:04 >  "Done."
# 11:40:04 >  
