stdout of test '36` in directory 'sql/benchmarks/tpcds` itself:


# 11:40:04 >  
# 11:40:04 >  "mserver5" "--debug=10" "--set" "gdk_nr_threads=0" "--set" "mapi_open=true" "--set" "mapi_port=30709" "--set" "mapi_usock=/var/tmp/mtest-16393/.s.monetdb.30709" "--set" "monet_prompt=" "--forcemito" "--dbpath=/ufs/sjoerd/@Monet-devel/var/MonetDB/mTests_sql_benchmarks_tpcds" "--set" "embedded_c=true"
# 11:40:04 >  

# MonetDB 5 server v11.32.0 (hg id: edafb9f9a3c6+79d16e518d38+)
# This is an unreleased version
# Serving database 'mTests_sql_benchmarks_tpcds', using 8 threads
# Compiled for x86_64-pc-linux-gnu/64bit with 128bit integers
# Found 62.694 GiB available main-memory.
# Copyright (c) 1993 - July 2008 CWI.
# Copyright (c) August 2008 - 2019 MonetDB B.V., all rights reserved
# Visit https://www.monetdb.org/ for further information
# Listening for connection requests on mapi:monetdb://methuselah.da.cwi.nl:30709/
# Listening for UNIX domain connection requests on mapi:monetdb:///var/tmp/mtest-16393/.s.monetdb.30709
# MonetDB/GIS module loaded
# MonetDB/SQL module loaded

Ready.

# 11:40:04 >  
# 11:40:04 >  "mclient" "-lsql" "-ftest" "-tnone" "-Eutf-8" "-i" "-e" "--host=/var/tmp/mtest-16393" "--port=30709"
# 11:40:04 >  

#WITH results AS
#  (SELECT sum(ss_net_profit) AS ss_net_profit,
#          sum(ss_ext_sales_price) AS ss_ext_sales_price,
#          (sum(ss_net_profit)*1.0000)/sum(ss_ext_sales_price) AS gross_margin ,
#          i_category ,
#          i_class ,
#          0 AS g_category,
#          0 AS g_class
#   FROM store_sales ,
#        date_dim d1 ,
#        item ,
#        store
#   WHERE d1.d_year = 2001
#     AND d1.d_date_sk = ss_sold_date_sk
#     AND i_item_sk = ss_item_sk
#     AND s_store_sk = ss_store_sk
#     AND s_state ='TN'
% .results_rollup,	.results_rollup,	.results_rollup,	.results_rollup,	.L115 # table_name
% gross_margin,	i_category,	i_class,	lochierarchy,	rank_within_parent # name
% decimal,	char,	char,	tinyint,	int # type
% 40,	50,	50,	1,	2 # length
[ -0.434,	NULL,	NULL,	2,	1	]
[ -0.445,	"Electronics",	NULL,	1,	1	]
[ -0.439,	"Children",	NULL,	1,	2	]
[ -0.435,	"Sports",	NULL,	1,	3	]
[ -0.435,	"Home",	NULL,	1,	3	]
[ -0.434,	"Shoes",	NULL,	1,	5	]
[ -0.433,	"Men",	NULL,	1,	6	]
[ -0.432,	"Books",	NULL,	1,	7	]
[ -0.432,	"Women",	NULL,	1,	7	]
[ -0.428,	"Jewelry",	NULL,	1,	9	]
[ -0.428,	"Music",	NULL,	1,	9	]
[ -0.408,	NULL,	NULL,	1,	11	]
[ -0.575,	NULL,	"swimwear",	0,	1	]
[ -0.524,	NULL,	"pants",	0,	2	]
[ -0.516,	NULL,	"sports-apparel",	0,	3	]
[ -0.497,	NULL,	"flatware",	0,	4	]
[ -0.421,	NULL,	"scanners",	0,	5	]
[ -0.414,	NULL,	NULL,	0,	6	]
[ -0.412,	NULL,	"womens",	0,	7	]
[ -0.411,	NULL,	"glassware",	0,	8	]
[ -0.340,	NULL,	"dresses",	0,	9	]
[ -0.285,	NULL,	"semi-precious",	0,	10	]
[ -0.270,	NULL,	"archery",	0,	11	]
[ -0.265,	NULL,	"camcorders",	0,	12	]
[ -0.493,	"Books",	NULL,	0,	1	]
[ -0.459,	"Books",	"self-help",	0,	2	]
[ -0.453,	"Books",	"parenting",	0,	3	]
[ -0.453,	"Books",	"romance",	0,	3	]
[ -0.452,	"Books",	"home repair",	0,	5	]
[ -0.439,	"Books",	"arts",	0,	6	]
[ -0.437,	"Books",	"computers",	0,	7	]
[ -0.436,	"Books",	"entertainments",	0,	8	]
[ -0.433,	"Books",	"business",	0,	9	]
[ -0.429,	"Books",	"cooking",	0,	10	]
[ -0.427,	"Books",	"history",	0,	11	]
[ -0.426,	"Books",	"sports",	0,	12	]
[ -0.425,	"Books",	"fiction",	0,	13	]
[ -0.421,	"Books",	"travel",	0,	14	]
[ -0.413,	"Books",	"reference",	0,	15	]
[ -0.407,	"Books",	"science",	0,	16	]
[ -0.402,	"Books",	"mystery",	0,	17	]
[ -0.519,	"Children",	NULL,	0,	1	]
[ -0.443,	"Children",	"infants",	0,	2	]
[ -0.441,	"Children",	"toddlers",	0,	3	]
[ -0.439,	"Children",	"newborn",	0,	4	]
[ -0.431,	"Children",	"school-uniforms",	0,	5	]
[ -0.481,	"Electronics",	"scanners",	0,	1	]
[ -0.474,	"Electronics",	"wireless",	0,	2	]
[ -0.468,	"Electronics",	"musical",	0,	3	]
[ -0.459,	"Electronics",	"audio",	0,	4	]
[ -0.459,	"Electronics",	"portable",	0,	4	]
[ -0.457,	"Electronics",	"automotive",	0,	6	]
[ -0.450,	"Electronics",	"personal",	0,	7	]
[ -0.446,	"Electronics",	"karoke",	0,	8	]
[ -0.444,	"Electronics",	"camcorders",	0,	9	]
[ -0.442,	"Electronics",	"stereo",	0,	10	]
[ -0.435,	"Electronics",	"monitors",	0,	11	]
[ -0.430,	"Electronics",	"disk drives",	0,	12	]
[ -0.429,	"Electronics",	"dvd/vcr players",	0,	13	]
[ -0.427,	"Electronics",	"televisions",	0,	14	]
[ -0.427,	"Electronics",	"cameras",	0,	14	]
[ -0.417,	"Electronics",	"memory",	0,	16	]
[ -0.458,	"Home",	"rugs",	0,	1	]
[ -0.458,	"Home",	"wallpaper",	0,	1	]
[ -0.453,	"Home",	"blinds/shades",	0,	3	]
[ -0.450,	"Home",	"tables",	0,	4	]
[ -0.450,	"Home",	"bedding",	0,	4	]
[ -0.444,	"Home",	"paint",	0,	6	]
[ -0.442,	"Home",	"kids",	0,	7	]
[ -0.441,	"Home",	"decor",	0,	8	]
[ -0.440,	"Home",	"curtains/drapes",	0,	9	]
[ -0.436,	"Home",	"accent",	0,	10	]
[ -0.429,	"Home",	"glassware",	0,	11	]
[ -0.421,	"Home",	"flatware",	0,	12	]
[ -0.419,	"Home",	"mattresses",	0,	13	]
[ -0.416,	"Home",	"bathroom",	0,	14	]
[ -0.416,	"Home",	"furniture",	0,	14	]
[ -0.397,	"Home",	"lighting",	0,	16	]
[ -0.275,	"Home",	NULL,	0,	17	]
[ -0.482,	"Jewelry",	"consignment",	0,	1	]
[ -0.452,	"Jewelry",	"gold",	0,	2	]
[ -0.442,	"Jewelry",	"womens watch",	0,	3	]
[ -0.438,	"Jewelry",	"semi-precious",	0,	4	]
[ -0.437,	"Jewelry",	NULL,	0,	5	]
[ -0.435,	"Jewelry",	"bracelets",	0,	6	]
[ -0.434,	"Jewelry",	"birdal",	0,	7	]
[ -0.434,	"Jewelry",	"loose stones",	0,	7	]
[ -0.433,	"Jewelry",	"rings",	0,	9	]
[ -0.430,	"Jewelry",	"estate",	0,	10	]
[ -0.429,	"Jewelry",	"pendants",	0,	11	]
[ -0.422,	"Jewelry",	"earings",	0,	12	]
[ -0.417,	"Jewelry",	"costume",	0,	13	]
[ -0.412,	"Jewelry",	"mens watch",	0,	14	]
[ -0.412,	"Jewelry",	"jewelry boxes",	0,	14	]
[ -0.405,	"Jewelry",	"custom",	0,	16	]
[ -0.403,	"Jewelry",	"diamonds",	0,	17	]
[ -0.440,	"Men",	"sports-apparel",	0,	1	]
[ -0.437,	"Men",	"accessories",	0,	2	]
[ -0.435,	"Men",	"pants",	0,	3	]
[ -0.423,	"Men",	"shirts",	0,	4	]

# 15:08:41 >  
# 15:08:41 >  "Done."
# 15:08:41 >  

