stdout of test '53` in directory 'sql/benchmarks/tpcds` itself:


# 18:29:57 >  
# 18:29:57 >  "mserver5" "--debug=10" "--set" "gdk_nr_threads=0" "--set" "mapi_open=true" "--set" "mapi_port=30709" "--set" "mapi_usock=/var/tmp/mtest-16393/.s.monetdb.30709" "--set" "monet_prompt=" "--forcemito" "--dbpath=/ufs/sjoerd/@Monet-devel/var/MonetDB/mTests_sql_benchmarks_tpcds" "--set" "embedded_c=true"
# 18:29:57 >  

# MonetDB 5 server v11.32.0 (hg id: edafb9f9a3c6+79d16e518d38+)
# This is an unreleased version
# Serving database 'mTests_sql_benchmarks_tpcds', using 8 threads
# Compiled for x86_64-pc-linux-gnu/64bit with 128bit integers
# Found 62.694 GiB available main-memory.
# Copyright (c) 1993 - July 2008 CWI.
# Copyright (c) August 2008 - 2020 MonetDB B.V., all rights reserved
# Visit https://www.monetdb.org/ for further information
# Listening for connection requests on mapi:monetdb://methuselah.da.cwi.nl:30709/
# Listening for UNIX domain connection requests on mapi:monetdb:///var/tmp/mtest-16393/.s.monetdb.30709
# MonetDB/GIS module loaded
# MonetDB/SQL module loaded


# 18:29:57 >  
# 18:29:57 >  "mclient" "-lsql" "-ftest" "-tnone" "-Eutf-8" "-i" "-e" "--host=/var/tmp/mtest-16393" "--port=30709"
# 18:29:57 >  

#SELECT *
#FROM
#  (SELECT i_manufact_id,
#          sum(ss_sales_price) sum_sales,
#          avg(sum(ss_sales_price)) OVER (PARTITION BY i_manufact_id) avg_quarterly_sales
#   FROM item,
#        store_sales,
#        date_dim,
#        store
#   WHERE ss_item_sk = i_item_sk
#     AND ss_sold_date_sk = d_date_sk
#     AND ss_store_sk = s_store_sk
% sys.tmp1,	sys.tmp1,	sys.tmp1 # table_name
% i_manufact_id,	sum_sales,	avg_quarterly_sales # name
% int,	decimal,	decimal # type
% 3,	20,	20 # length
[ 30,	165.67,	340.64	]
[ 30,	247.07,	340.64	]
[ 30,	627.63,	340.64	]
[ 619,	158.76,	348.64	]
[ 619,	210.81,	348.64	]
[ 619,	464.26,	348.64	]
[ 619,	560.73,	348.64	]
[ 271,	79.26,	354.33	]
[ 271,	86.87,	354.33	]
[ 271,	179.61,	354.33	]
[ 271,	1071.58,	354.33	]
[ 827,	82.44,	356.59	]
[ 827,	320.05,	356.59	]
[ 827,	666.52,	356.59	]
[ 296,	188.61,	369.13	]
[ 296,	265.76,	369.13	]
[ 296,	655.24,	369.13	]
[ 308,	200.28,	385.98	]
[ 308,	214.07,	385.98	]
[ 308,	489.17,	385.98	]
[ 308,	640.41,	385.98	]
[ 486,	178.80,	400.53	]
[ 486,	455.08,	400.53	]
[ 486,	468.01,	400.53	]
[ 486,	500.23,	400.53	]
[ 554,	191.48,	407.98	]
[ 554,	346.80,	407.98	]
[ 554,	660.97,	407.98	]
[ 208,	151.84,	410.39	]
[ 208,	207.02,	410.39	]
[ 208,	533.75,	410.39	]
[ 208,	748.93,	410.39	]
[ 662,	199.83,	412.14	]
[ 662,	300.61,	412.14	]
[ 662,	460.94,	412.14	]
[ 662,	687.16,	412.14	]
[ 394,	264.65,	413.41	]
[ 394,	272.02,	413.41	]
[ 394,	674.12,	413.41	]
[ 221,	183.63,	416.08	]
[ 221,	534.62,	416.08	]
[ 221,	552.44,	416.08	]
[ 621,	232.20,	418.12	]
[ 621,	624.80,	418.12	]
[ 507,	76.98,	419.47	]
[ 507,	505.36,	419.47	]
[ 507,	644.24,	419.47	]
[ 316,	36.25,	423.04	]
[ 316,	158.85,	423.04	]
[ 316,	697.32,	423.04	]
[ 316,	799.72,	423.04	]
[ 56,	110.81,	423.10	]
[ 56,	371.77,	423.10	]
[ 56,	500.77,	423.10	]
[ 56,	709.04,	423.10	]
[ 517,	194.87,	426.29	]
[ 517,	313.41,	426.29	]
[ 517,	482.41,	426.29	]
[ 517,	714.46,	426.29	]
[ 411,	364.09,	426.89	]
[ 411,	519.60,	426.89	]
[ 247,	313.42,	427.68	]
[ 247,	353.08,	427.68	]
[ 247,	628.37,	427.68	]
[ 652,	228.75,	434.75	]
[ 652,	314.98,	434.75	]
[ 652,	365.90,	434.75	]
[ 652,	829.38,	434.75	]
[ 129,	301.69,	436.45	]
[ 129,	325.26,	436.45	]
[ 129,	550.47,	436.45	]
[ 129,	568.39,	436.45	]
[ 99,	164.24,	438.67	]
[ 99,	183.75,	438.67	]
[ 99,	393.58,	438.67	]
[ 99,	1013.10,	438.67	]
[ 235,	111.64,	441.03	]
[ 235,	179.51,	441.03	]
[ 235,	493.83,	441.03	]
[ 235,	979.14,	441.03	]
[ 360,	143.83,	445.42	]
[ 360,	293.99,	445.42	]
[ 360,	928.51,	445.42	]
[ 732,	106.56,	447.07	]
[ 732,	300.77,	447.07	]
[ 732,	498.49,	447.07	]
[ 732,	882.44,	447.07	]
[ 190,	202.77,	451.98	]
[ 190,	233.10,	451.98	]
[ 190,	358.97,	451.98	]
[ 190,	1013.09,	451.98	]
[ 147,	212.53,	455.89	]
[ 147,	366.10,	455.89	]
[ 147,	553.92,	455.89	]
[ 147,	691.02,	455.89	]
[ 665,	283.25,	456.09	]
[ 665,	357.22,	456.09	]
[ 665,	691.20,	456.09	]
[ 85,	325.28,	456.28	]
[ 85,	350.10,	456.28	]

# 09:14:44 >  
# 09:14:44 >  "Done."
# 09:14:44 >  

# 18:29:57 >  
# 18:29:57 >  "Done."
# 18:29:57 >  
