stdout of test '82` in directory 'sql/benchmarks/tpcds` itself:


# 11:40:04 >  
# 11:40:04 >  "mserver5" "--debug=10" "--set" "gdk_nr_threads=0" "--set" "mapi_open=true" "--set" "mapi_port=30709" "--set" "mapi_usock=/var/tmp/mtest-16393/.s.monetdb.30709" "--set" "monet_prompt=" "--forcemito" "--dbpath=/ufs/sjoerd/@Monet-devel/var/MonetDB/mTests_sql_benchmarks_tpcds" "--set" "embedded_c=true"
# 11:40:04 >  

# MonetDB 5 server v11.32.0 (hg id: edafb9f9a3c6+79d16e518d38+)
# This is an unreleased version
# Serving database 'mTests_sql_benchmarks_tpcds', using 8 threads
# Compiled for x86_64-pc-linux-gnu/64bit with 128bit integers
# Found 62.694 GiB available main-memory.
# Copyright (c) 1993 - July 2008 CWI.
# Copyright (c) August 2008 - 2019 MonetDB B.V., all rights reserved
# Visit https://www.monetdb.org/ for further information
# Listening for connection requests on mapi:monetdb://methuselah.da.cwi.nl:30709/
# Listening for UNIX domain connection requests on mapi:monetdb:///var/tmp/mtest-16393/.s.monetdb.30709
# MonetDB/GIS module loaded
# MonetDB/SQL module loaded

Ready.

# 11:40:04 >  
# 11:40:04 >  "mclient" "-lsql" "-ftest" "-tnone" "-Eutf-8" "-i" "-e" "--host=/var/tmp/mtest-16393" "--port=30709"
# 11:40:04 >  

#
#SELECT i_item_id ,
#       i_item_desc ,
#       i_current_price
#FROM item,
#     inventory,
#     date_dim,
#     store_sales
#WHERE i_current_price BETWEEN 62 AND 62+30
#  AND inv_item_sk = i_item_sk
#  AND d_date_sk=inv_date_sk
#  AND d_date BETWEEN cast('2000-05-25' AS date) AND cast('2000-07-24' AS date)
#  AND i_manufact_id IN (129,
#                        270,
#                        821,
#                        423)
#  AND inv_quantity_on_hand BETWEEN 100 AND 500
#  AND ss_item_sk = i_item_sk
#GROUP BY i_item_id,
% sys.item,	sys.item,	sys.item # table_name
% i_item_id,	i_item_desc,	i_current_price # name
% char,	varchar,	decimal # type
% 16,	164,	9 # length
[ "AAAAAAAAECMCAAAA",	"Rather vast companies pose quiet, actual carers. Close times take only simple possibilities. Current events might say only on a foundation",	67.28	]
[ "AAAAAAAALIHCAAAA",	"Things select increased views. Tools imagine for example; ever likely developments live so scottish benefits. Soft, short-term services should give indeed good illu",	86.90	]

# 15:09:57 >  
# 15:09:57 >  "Done."
# 15:09:57 >  

# 11:40:04 >  
# 11:40:04 >  "Done."
# 11:40:04 >  
