stdout of test 'load` in directory 'sql/benchmarks/tpcds` itself:


# 15:25:44 >  
# 15:25:44 >  "mserver5" "--debug=10" "--set" "gdk_nr_threads=0" "--set" "mapi_open=true" "--set" "mapi_port=31610" "--set" "mapi_usock=/var/tmp/mtest-14130/.s.monetdb.31610" "--set" "monet_prompt=" "--forcemito" "--dbpath=/home/ferreira/repositories/MonetDB-default/BUILD/var/MonetDB/mTests_sql_benchmarks_tpcds" "--set" "embedded_c=true"
# 15:25:44 >  

#START TRANSACTION;COPY       1 RECORDS INTO dbgen_version          FROM '/home/ferreira/repositories/monetdb-test-data/tpcds/0.01/dbgen_version.dat'          USING DELIMITERS '|', '|
#' NULL AS '';COPY      20 RECORDS INTO income_band            FROM '/home/ferreira/repositories/monetdb-test-data/tpcds/0.01/income_band.dat'            USING DELIMITERS '|', '|
#' NULL AS '';COPY       1 RECORDS INTO warehouse              FROM '/home/ferreira/repositories/monetdb-test-data/tpcds/0.01/warehouse.dat'              USING DELIMITERS '|', '|
#START TRANSACTION;COPY       1 RECORDS INTO dbgen_version          FROM '/home/ferreira/repositories/monetdb-test-data/tpcds/0.01/dbgen_version.dat'          USING DELIMITERS '|', '|
#' NULL AS '';COPY      20 RECORDS INTO income_band            FROM '/home/ferreira/repositories/monetdb-test-data/tpcds/0.01/income_band.dat'            USING DELIMITERS '|', '|
#' NULL AS '';COPY       1 RECORDS INTO warehouse              FROM '/home/ferreira/repositories/monetdb-test-data/tpcds/0.01/warehouse.dat'              USING DELIMITERS '|', '|
[ 1	]
#COPY INTO income_band            FROM '/home/ferreira/repositories/MonetDB-default/src/sql/benchmarks/tpcds/SF-0.01/income_band.dat'            USING DELIMITERS '|', '|\n' NULL AS '';
[ 20	]
#COPY INTO warehouse              FROM '/home/ferreira/repositories/MonetDB-default/src/sql/benchmarks/tpcds/SF-0.01/warehouse.dat'              USING DELIMITERS '|', '|\n' NULL AS '';
[ 1	]
#COPY INTO ship_mode              FROM '/home/ferreira/repositories/MonetDB-default/src/sql/benchmarks/tpcds/SF-0.01/ship_mode.dat'              USING DELIMITERS '|', '|\n' NULL AS '';
[ 20	]
#COPY INTO reason                 FROM '/home/ferreira/repositories/MonetDB-default/src/sql/benchmarks/tpcds/SF-0.01/reason.dat'                 USING DELIMITERS '|', '|\n' NULL AS '';
[ 1	]
#COPY INTO call_center            FROM '/home/ferreira/repositories/MonetDB-default/src/sql/benchmarks/tpcds/SF-0.01/call_center.dat'            USING DELIMITERS '|', '|\n' NULL AS '';
[ 2	]
#COPY INTO store                  FROM '/home/ferreira/repositories/MonetDB-default/src/sql/benchmarks/tpcds/SF-0.01/store.dat'                  USING DELIMITERS '|', '|\n' NULL AS '';
[ 2	]
#COPY INTO web_page               FROM '/home/ferreira/repositories/MonetDB-default/src/sql/benchmarks/tpcds/SF-0.01/web_page.dat'               USING DELIMITERS '|', '|\n' NULL AS '';
[ 2	]
#COPY INTO web_site               FROM '/home/ferreira/repositories/MonetDB-default/src/sql/benchmarks/tpcds/SF-0.01/web_site.dat'               USING DELIMITERS '|', '|\n' NULL AS '';
[ 2	]
#COPY INTO promotion              FROM '/home/ferreira/repositories/MonetDB-default/src/sql/benchmarks/tpcds/SF-0.01/promotion.dat'              USING DELIMITERS '|', '|\n' NULL AS '';
[ 3	]
#COPY INTO household_demographics FROM '/home/ferreira/repositories/MonetDB-default/src/sql/benchmarks/tpcds/SF-0.01/household_demographics.dat' USING DELIMITERS '|', '|\n' NULL AS '';
[ 7200	]
#COPY INTO catalog_page           FROM '/home/ferreira/repositories/MonetDB-default/src/sql/benchmarks/tpcds/SF-0.01/catalog_page.dat'           USING DELIMITERS '|', '|\n' NULL AS '';
[ 11718	]
#COPY INTO item                   FROM '/home/ferreira/repositories/MonetDB-default/src/sql/benchmarks/tpcds/SF-0.01/item.dat'                   USING DELIMITERS '|', '|\n' NULL AS '';
[ 2000	]
#COPY INTO time_dim               FROM '/home/ferreira/repositories/MonetDB-default/src/sql/benchmarks/tpcds/SF-0.01/time_dim.dat'               USING DELIMITERS '|', '|\n' NULL AS '';
[ 86400	]
#COPY INTO customer_address       FROM '/home/ferreira/repositories/MonetDB-default/src/sql/benchmarks/tpcds/SF-0.01/customer_address.dat'       USING DELIMITERS '|', '|\n' NULL AS '';
[ 1000	]
#COPY INTO web_returns            FROM '/home/ferreira/repositories/MonetDB-default/src/sql/benchmarks/tpcds/SF-0.01/web_returns.dat'            USING DELIMITERS '|', '|\n' NULL AS '';
[ 1152	]
#COPY INTO date_dim               FROM '/home/ferreira/repositories/MonetDB-default/src/sql/benchmarks/tpcds/SF-0.01/date_dim.dat'               USING DELIMITERS '|', '|\n' NULL AS '';
[ 73049	]
#COPY INTO customer               FROM '/home/ferreira/repositories/MonetDB-default/src/sql/benchmarks/tpcds/SF-0.01/customer.dat'               USING DELIMITERS '|', '|\n' NULL AS '';
[ 1000	]
#COPY INTO catalog_returns        FROM '/home/ferreira/repositories/MonetDB-default/src/sql/benchmarks/tpcds/SF-0.01/catalog_returns.dat'        USING DELIMITERS '|', '|\n' NULL AS '';
[ 8923	]
#COPY INTO store_returns          FROM '/home/ferreira/repositories/MonetDB-default/src/sql/benchmarks/tpcds/SF-0.01/store_returns.dat'          USING DELIMITERS '|', '|\n' NULL AS '';
[ 11925	]
#COPY INTO customer_demographics  FROM '/home/ferreira/repositories/MonetDB-default/src/sql/benchmarks/tpcds/SF-0.01/customer_demographics.dat'  USING DELIMITERS '|', '|\n' NULL AS '';
[ 1920800	]
#COPY INTO web_sales              FROM '/home/ferreira/repositories/MonetDB-default/src/sql/benchmarks/tpcds/SF-0.01/web_sales.dat'              USING DELIMITERS '|', '|\n' NULL AS '';
[ 11876	]
#COPY INTO inventory              FROM '/home/ferreira/repositories/MonetDB-default/src/sql/benchmarks/tpcds/SF-0.01/inventory.dat'              USING DELIMITERS '|', '|\n' NULL AS '';
[ 261261	]
#COPY INTO catalog_sales          FROM '/home/ferreira/repositories/MonetDB-default/src/sql/benchmarks/tpcds/SF-0.01/catalog_sales.dat'          USING DELIMITERS '|', '|\n' NULL AS '';
[ 89807	]
#COPY INTO store_sales            FROM '/home/ferreira/repositories/MonetDB-default/src/sql/benchmarks/tpcds/SF-0.01/store_sales.dat'            USING DELIMITERS '|', '|\n' NULL AS '';
[ 120527	]
#COMMIT;

# 15:25:50 >  
# 15:25:50 >  "Done."
# 15:25:50 >  

