stdout of test 'mergequery` in directory 'sql/test/mergetables` itself:


# 16:20:23 >  
# 16:20:23 >  "mserver5" "--debug=10" "--set" "gdk_nr_threads=0" "--set" "mapi_open=true" "--set" "mapi_port=30678" "--set" "mapi_usock=/var/tmp/mtest-11019/.s.monetdb.30678" "--set" "monet_prompt=" "--forcemito" "--set" "mal_listing=2" "--dbpath=/export/scratch1/mk/current//Linux/var/MonetDB/mTests_sql_test_mergetables" "--set" "mal_listing=0" "--set" "embedded_r=yes"
# 16:20:23 >  

# MonetDB 5 server v11.20.0
# This is an unreleased version
# Serving database 'mTests_sql_test_mergetables', using 8 threads
# Compiled for x86_64-unknown-linux-gnu/64bit with 64bit OIDs and 128bit integers dynamically linked
# Found 15.590 GiB available main-memory.
# Copyright (c) 1993-July 2008 CWI.
# Copyright (c) August 2008-2015 MonetDB B.V., all rights reserved
# Visit http://www.monetdb.org/ for further information
# Listening for connection requests on mapi:monetdb://vienna.ins.cwi.nl:30678/
# Listening for UNIX domain connection requests on mapi:monetdb:///var/tmp/mtest-11019/.s.monetdb.30678
# MonetDB/GIS module loaded
# MonetDB/SQL module loaded
# MonetDB/R   module loaded


# 16:20:23 >  
# 16:20:23 >  "mclient" "-lsql" "-ftest" "-Eutf-8" "-i" "-e" "--host=/var/tmp/mtest-11019" "--port=30678"
# 16:20:23 >  

#CREATE TABLE part1 ( x double, y double, z double);
#COPY 4 RECORDS INTO part1 FROM stdin USING DELIMITERS ' ','\n';
#0.0 0.0 0.0
#1.0 0.0 0.0 
#0.0 1.0 0.0 
#1.0 1.0 0.0 
[ 4	]
#CREATE TABLE part2 ( x double, y double, z double);
#COPY 4 RECORDS INTO part2 FROM stdin USING DELIMITERS ' ','\n';
#2.0 0.0 0.0
#3.0 0.0 0.0 
#2.0 1.0 0.0 
#3.0 1.0 0.0 
[ 4	]
#CREATE MERGE TABLE complete ( x double, y double, z double);
#ALTER TABLE complete ADD TABLE part1;
#ALTER TABLE complete ADD TABLE part2;
#SELECT * FROM COMPLETE;
% .complete,	.complete,	.complete # table_name
% x,	y,	z # name
% double,	double,	double # type
% 24,	24,	24 # length
[ 0,	0,	0	]
[ 1,	0,	0	]
[ 0,	1,	0	]
[ 1,	1,	0	]
[ 2,	0,	0	]
[ 3,	0,	0	]
[ 2,	1,	0	]
[ 3,	1,	0	]
#SELECT * FROM complete where x>=0.0 AND x <=1.0;
% .complete,	.complete,	.complete # table_name
% x,	y,	z # name
% double,	double,	double # type
% 24,	24,	24 # length
[ 0,	0,	0	]
[ 1,	0,	0	]
[ 0,	1,	0	]
[ 1,	1,	0	]
#SELECT * FROM complete where x>=2.0 AND x <=3.0;
% .complete,	.complete,	.complete # table_name
% x,	y,	z # name
% double,	double,	double # type
% 24,	24,	24 # length
[ 2,	0,	0	]
[ 3,	0,	0	]
[ 2,	1,	0	]
[ 3,	1,	0	]
#SELECT * FROM complete where x>=1.0 AND x <=2.0;
% .complete,	.complete,	.complete # table_name
% x,	y,	z # name
% double,	double,	double # type
% 24,	24,	24 # length
[ 1,	0,	0	]
[ 1,	1,	0	]
[ 2,	0,	0	]
[ 2,	1,	0	]
#CREATE TABLE answ( LIKE complete);
#EXPLAIN INSERT INTO answ
#SELECT * FROM complete where x>=1.0 AND x <=2.0;
% .explain # table_name
% mal # name
% clob # type
% 142 # length
function user.s22_0():void;
    X_3:void := querylog.define("explain insert into answ\nselect * from complete where x>=1.0 and x <=2.0;":str, "default_pipe":str, 61:int);
barrier X_237:bit := language.dataflow();
    X_69:bat[:dbl] := bat.new(nil:dbl);
    X_6:int := sql.mvc();
    X_157:bat[:dbl] := sql.bind(X_6:int, "sys":str, "part1":str, "x":str, 0:int, 0:int, 4:int);
    C_138:bat[:oid] := sql.tid(X_6:int, "sys":str, "part1":str, 0:int, 4:int);
    C_199:bat[:oid] := algebra.select(X_157:bat[:dbl], C_138:bat[:oid], 1:dbl, 2:dbl, true:bit, true:bit, false:bit, true:bit);
    X_203:bat[:dbl] := algebra.projection(C_199:bat[:oid], X_157:bat[:dbl]);
    X_158:bat[:dbl] := sql.bind(X_6:int, "sys":str, "part1":str, "x":str, 0:int, 1:int, 4:int);
    C_140:bat[:oid] := sql.tid(X_6:int, "sys":str, "part1":str, 1:int, 4:int);
    C_200:bat[:oid] := algebra.select(X_158:bat[:dbl], C_140:bat[:oid], 1:dbl, 2:dbl, true:bit, true:bit, false:bit, true:bit);
    X_204:bat[:dbl] := algebra.projection(C_200:bat[:oid], X_158:bat[:dbl]);
    X_159:bat[:dbl] := sql.bind(X_6:int, "sys":str, "part1":str, "x":str, 0:int, 2:int, 4:int);
    C_142:bat[:oid] := sql.tid(X_6:int, "sys":str, "part1":str, 2:int, 4:int);
    C_201:bat[:oid] := algebra.select(X_159:bat[:dbl], C_142:bat[:oid], 1:dbl, 2:dbl, true:bit, true:bit, false:bit, true:bit);
    X_205:bat[:dbl] := algebra.projection(C_201:bat[:oid], X_159:bat[:dbl]);
    X_160:bat[:dbl] := sql.bind(X_6:int, "sys":str, "part1":str, "x":str, 0:int, 3:int, 4:int);
    C_144:bat[:oid] := sql.tid(X_6:int, "sys":str, "part1":str, 3:int, 4:int);
    C_202:bat[:oid] := algebra.select(X_160:bat[:dbl], C_144:bat[:oid], 1:dbl, 2:dbl, true:bit, true:bit, false:bit, true:bit);
    X_206:bat[:dbl] := algebra.projection(C_202:bat[:oid], X_160:bat[:dbl]);
    X_223:bat[:dbl] := mat.packIncrement(X_203:bat[:dbl], 4:int);
    X_225:bat[:dbl] := mat.packIncrement(X_223:bat[:dbl], X_204:bat[:dbl]);
    X_226:bat[:dbl] := mat.packIncrement(X_225:bat[:dbl], X_205:bat[:dbl]);
    X_40:bat[:dbl] := mat.packIncrement(X_226:bat[:dbl], X_206:bat[:dbl]);
    X_49:bat[:dbl] := sql.bind(X_6:int, "sys":str, "part2":str, "x":str, 0:int);
    C_43:bat[:oid] := sql.tid(X_6:int, "sys":str, "part2":str);
    C_65:bat[:oid] := algebra.select(X_49:bat[:dbl], C_43:bat[:oid], 1:dbl, 2:dbl, true:bit, true:bit, false:bit, true:bit);
    X_57:bat[:dbl] := sql.bind(X_6:int, "sys":str, "part2":str, "z":str, 0:int);
    X_68:bat[:dbl] := algebra.projection(C_65:bat[:oid], X_57:bat[:dbl]);
    X_53:bat[:dbl] := sql.bind(X_6:int, "sys":str, "part2":str, "y":str, 0:int);
    X_67:bat[:dbl] := algebra.projection(C_65:bat[:oid], X_53:bat[:dbl]);
    X_66:bat[:dbl] := algebra.projection(C_65:bat[:oid], X_49:bat[:dbl]);
    X_189:bat[:dbl] := sql.bind(X_6:int, "sys":str, "part1":str, "z":str, 0:int, 3:int, 4:int);
    X_214:bat[:dbl] := algebra.projection(C_202:bat[:oid], X_189:bat[:dbl]);
    X_188:bat[:dbl] := sql.bind(X_6:int, "sys":str, "part1":str, "z":str, 0:int, 2:int, 4:int);
    X_213:bat[:dbl] := algebra.projection(C_201:bat[:oid], X_188:bat[:dbl]);
    X_187:bat[:dbl] := sql.bind(X_6:int, "sys":str, "part1":str, "z":str, 0:int, 1:int, 4:int);
    X_212:bat[:dbl] := algebra.projection(C_200:bat[:oid], X_187:bat[:dbl]);
    X_186:bat[:dbl] := sql.bind(X_6:int, "sys":str, "part1":str, "z":str, 0:int, 0:int, 4:int);
    X_211:bat[:dbl] := algebra.projection(C_199:bat[:oid], X_186:bat[:dbl]);
    X_177:bat[:dbl] := sql.bind(X_6:int, "sys":str, "part1":str, "y":str, 0:int, 3:int, 4:int);
    X_210:bat[:dbl] := algebra.projection(C_202:bat[:oid], X_177:bat[:dbl]);
    X_175:bat[:dbl] := sql.bind(X_6:int, "sys":str, "part1":str, "y":str, 0:int, 2:int, 4:int);
    X_209:bat[:dbl] := algebra.projection(C_201:bat[:oid], X_175:bat[:dbl]);
    X_173:bat[:dbl] := sql.bind(X_6:int, "sys":str, "part1":str, "y":str, 0:int, 1:int, 4:int);
    X_208:bat[:dbl] := algebra.projection(C_200:bat[:oid], X_173:bat[:dbl]);
    X_171:bat[:dbl] := sql.bind(X_6:int, "sys":str, "part1":str, "y":str, 0:int, 0:int, 4:int);
    X_207:bat[:dbl] := algebra.projection(C_199:bat[:oid], X_171:bat[:dbl]);
    X_71:bat[:dbl] := bat.append(X_69:bat[:dbl], X_40:bat[:dbl], true:bit);
    X_73:bat[:dbl] := bat.append(X_71:bat[:dbl], X_66:bat[:dbl], true:bit);
    X_74:bat[:dbl] := bat.new(nil:dbl);
    X_228:bat[:dbl] := mat.packIncrement(X_207:bat[:dbl], 4:int);
    X_229:bat[:dbl] := mat.packIncrement(X_228:bat[:dbl], X_208:bat[:dbl]);
    X_230:bat[:dbl] := mat.packIncrement(X_229:bat[:dbl], X_209:bat[:dbl]);
    X_41:bat[:dbl] := mat.packIncrement(X_230:bat[:dbl], X_210:bat[:dbl]);
    X_75:bat[:dbl] := bat.append(X_74:bat[:dbl], X_41:bat[:dbl], true:bit);
    X_76:bat[:dbl] := bat.append(X_75:bat[:dbl], X_67:bat[:dbl], true:bit);
    X_77:bat[:dbl] := bat.new(nil:dbl);
    X_232:bat[:dbl] := mat.packIncrement(X_211:bat[:dbl], 4:int);
    X_233:bat[:dbl] := mat.packIncrement(X_232:bat[:dbl], X_212:bat[:dbl]);
    X_234:bat[:dbl] := mat.packIncrement(X_233:bat[:dbl], X_213:bat[:dbl]);
    X_42:bat[:dbl] := mat.packIncrement(X_234:bat[:dbl], X_214:bat[:dbl]);
    X_78:bat[:dbl] := bat.append(X_77:bat[:dbl], X_42:bat[:dbl], true:bit);
    X_79:bat[:dbl] := bat.append(X_78:bat[:dbl], X_68:bat[:dbl], true:bit);
    X_80:lng := aggr.count(X_73:bat[:dbl]);
    language.pass(X_157:bat[:dbl]);
    language.pass(X_158:bat[:dbl]);
    language.pass(X_159:bat[:dbl]);
    language.pass(X_160:bat[:dbl]);
    language.pass(C_65:bat[:oid]);
    language.pass(X_49:bat[:dbl]);
    language.pass(C_202:bat[:oid]);
    language.pass(C_201:bat[:oid]);
    language.pass(C_200:bat[:oid]);
    language.pass(C_199:bat[:oid]);
exit X_237:bit;
    X_81:lng := sql.claim(X_6:int, "sys":str, "answ":str, X_80:lng);
    X_84:int := sql.append(X_6:int, "sys":str, "answ":str, "x":str, X_81:lng, X_73:bat[:dbl]);
    X_87:int := sql.append(X_84:int, "sys":str, "answ":str, "y":str, X_81:lng, X_76:bat[:dbl]);
    X_90:int := sql.append(X_87:int, "sys":str, "answ":str, "z":str, X_81:lng, X_79:bat[:dbl]);
    sql.affectedRows(X_90:int, X_80:lng);
end user.s22_0;
#inline               actions= 0 time=1 usec 
#remap                actions= 0 time=2 usec 
#costmodel            actions= 1 time=1 usec 
#coercion             actions= 0 time=1 usec 
#aliases              actions= 4 time=9 usec 
#evaluate             actions= 4 time=17 usec 
#emptybind            actions= 6 time=11 usec 
#pushselect           actions= 8 time=12 usec 
#aliases              actions=16 time=9 usec 
#mitosis              actions=1 time=53 usec 
#mergetable           actions= 4 time=70 usec 
#deadcode             actions=28 time=17 usec 
#aliases              actions= 0 time=0 usec 
#constants            actions=15 time=8 usec 
#commonTerms          actions= 0 time=11 usec 
#projectionpath       actions= 0 time=6 usec 
#deadcode             actions= 0 time=6 usec 
#reorder              actions= 1 time=37 usec 
#reduce               actions=74 time=39 usec 
#matpack              actions= 0 time=5 usec 
#dataflow             actions=31 time=36 usec 
#querylog             actions= 0 time=1 usec 
#multiplex            actions= 0 time=3 usec 
#generator            actions= 0 time=1 usec 
#profiler             actions= 1 time=20 usec 
#garbageCollector     actions= 1 time=27 usec 
#total                actions= 1 time=526 usec 
#INSERT INTO answ
#SELECT * FROM complete where x>=1.0 AND x <=2.0;
[ 4	]
#EXPLAIN INSERT INTO answ
#SELECT * FROM complete
#WHERE x BETWEEN 0 AND 2 AND Y BETWEEN 0 AND 2;
% .explain # table_name
% mal # name
% clob # type
% 164 # length
function user.s24_0():void;
    X_5:void := querylog.define("explain insert into answ\nselect * from complete\nwhere x between 0 and 2 and y between 0 and 2;":str, "default_pipe":str, 71:int);
barrier X_254:bit := language.dataflow();
    X_83:bat[:dbl] := bat.new(nil:dbl);
    X_8:int := sql.mvc();
    X_184:bat[:dbl] := sql.bind(X_8:int, "sys":str, "part1":str, "y":str, 0:int, 0:int, 4:int);
    X_170:bat[:dbl] := sql.bind(X_8:int, "sys":str, "part1":str, "x":str, 0:int, 0:int, 4:int);
    C_151:bat[:oid] := sql.tid(X_8:int, "sys":str, "part1":str, 0:int, 4:int);
    C_212:bat[:oid] := algebra.select(X_170:bat[:dbl], C_151:bat[:oid], 0:dbl, 2:dbl, true:bit, true:bit, false:bit, true:bit);
    C_216:bat[:oid] := algebra.select(X_184:bat[:dbl], C_212:bat[:oid], 0:dbl, 2:dbl, true:bit, true:bit, false:bit, true:bit);
    X_220:bat[:dbl] := algebra.projection(C_216:bat[:oid], X_170:bat[:dbl]);
    X_186:bat[:dbl] := sql.bind(X_8:int, "sys":str, "part1":str, "y":str, 0:int, 1:int, 4:int);
    X_171:bat[:dbl] := sql.bind(X_8:int, "sys":str, "part1":str, "x":str, 0:int, 1:int, 4:int);
    C_153:bat[:oid] := sql.tid(X_8:int, "sys":str, "part1":str, 1:int, 4:int);
    C_213:bat[:oid] := algebra.select(X_171:bat[:dbl], C_153:bat[:oid], 0:dbl, 2:dbl, true:bit, true:bit, false:bit, true:bit);
    C_217:bat[:oid] := algebra.select(X_186:bat[:dbl], C_213:bat[:oid], 0:dbl, 2:dbl, true:bit, true:bit, false:bit, true:bit);
    X_221:bat[:dbl] := algebra.projection(C_217:bat[:oid], X_171:bat[:dbl]);
    X_188:bat[:dbl] := sql.bind(X_8:int, "sys":str, "part1":str, "y":str, 0:int, 2:int, 4:int);
    X_172:bat[:dbl] := sql.bind(X_8:int, "sys":str, "part1":str, "x":str, 0:int, 2:int, 4:int);
    C_155:bat[:oid] := sql.tid(X_8:int, "sys":str, "part1":str, 2:int, 4:int);
    C_214:bat[:oid] := algebra.select(X_172:bat[:dbl], C_155:bat[:oid], 0:dbl, 2:dbl, true:bit, true:bit, false:bit, true:bit);
    C_218:bat[:oid] := algebra.select(X_188:bat[:dbl], C_214:bat[:oid], 0:dbl, 2:dbl, true:bit, true:bit, false:bit, true:bit);
    X_222:bat[:dbl] := algebra.projection(C_218:bat[:oid], X_172:bat[:dbl]);
    X_190:bat[:dbl] := sql.bind(X_8:int, "sys":str, "part1":str, "y":str, 0:int, 3:int, 4:int);
    X_173:bat[:dbl] := sql.bind(X_8:int, "sys":str, "part1":str, "x":str, 0:int, 3:int, 4:int);
    C_157:bat[:oid] := sql.tid(X_8:int, "sys":str, "part1":str, 3:int, 4:int);
    C_215:bat[:oid] := algebra.select(X_173:bat[:dbl], C_157:bat[:oid], 0:dbl, 2:dbl, true:bit, true:bit, false:bit, true:bit);
    C_219:bat[:oid] := algebra.select(X_190:bat[:dbl], C_215:bat[:oid], 0:dbl, 2:dbl, true:bit, true:bit, false:bit, true:bit);
    X_223:bat[:dbl] := algebra.projection(C_219:bat[:oid], X_173:bat[:dbl]);
    X_240:bat[:dbl] := mat.packIncrement(X_220:bat[:dbl], 4:int);
    X_242:bat[:dbl] := mat.packIncrement(X_240:bat[:dbl], X_221:bat[:dbl]);
    X_243:bat[:dbl] := mat.packIncrement(X_242:bat[:dbl], X_222:bat[:dbl]);
    X_46:bat[:dbl] := mat.packIncrement(X_243:bat[:dbl], X_223:bat[:dbl]);
    X_59:bat[:dbl] := sql.bind(X_8:int, "sys":str, "part2":str, "y":str, 0:int);
    X_55:bat[:dbl] := sql.bind(X_8:int, "sys":str, "part2":str, "x":str, 0:int);
    C_49:bat[:oid] := sql.tid(X_8:int, "sys":str, "part2":str);
    C_71:bat[:oid] := algebra.select(X_55:bat[:dbl], C_49:bat[:oid], 0:dbl, 2:dbl, true:bit, true:bit, false:bit, true:bit);
    C_79:bat[:oid] := algebra.select(X_59:bat[:dbl], C_71:bat[:oid], 0:dbl, 2:dbl, true:bit, true:bit, false:bit, true:bit);
    X_63:bat[:dbl] := sql.bind(X_8:int, "sys":str, "part2":str, "z":str, 0:int);
    X_82:bat[:dbl] := algebra.projection(C_79:bat[:oid], X_63:bat[:dbl]);
    X_81:bat[:dbl] := algebra.projection(C_79:bat[:oid], X_59:bat[:dbl]);
    X_80:bat[:dbl] := algebra.projection(C_79:bat[:oid], X_55:bat[:dbl]);
    X_202:bat[:dbl] := sql.bind(X_8:int, "sys":str, "part1":str, "z":str, 0:int, 3:int, 4:int);
    X_231:bat[:dbl] := algebra.projection(C_219:bat[:oid], X_202:bat[:dbl]);
    X_201:bat[:dbl] := sql.bind(X_8:int, "sys":str, "part1":str, "z":str, 0:int, 2:int, 4:int);
    X_230:bat[:dbl] := algebra.projection(C_218:bat[:oid], X_201:bat[:dbl]);
    X_200:bat[:dbl] := sql.bind(X_8:int, "sys":str, "part1":str, "z":str, 0:int, 1:int, 4:int);
    X_229:bat[:dbl] := algebra.projection(C_217:bat[:oid], X_200:bat[:dbl]);
    X_199:bat[:dbl] := sql.bind(X_8:int, "sys":str, "part1":str, "z":str, 0:int, 0:int, 4:int);
    X_228:bat[:dbl] := algebra.projection(C_216:bat[:oid], X_199:bat[:dbl]);
    X_227:bat[:dbl] := algebra.projection(C_219:bat[:oid], X_190:bat[:dbl]);
    X_226:bat[:dbl] := algebra.projection(C_218:bat[:oid], X_188:bat[:dbl]);
    X_225:bat[:dbl] := algebra.projection(C_217:bat[:oid], X_186:bat[:dbl]);
    X_224:bat[:dbl] := algebra.projection(C_216:bat[:oid], X_184:bat[:dbl]);
    X_85:bat[:dbl] := bat.append(X_83:bat[:dbl], X_46:bat[:dbl], true:bit);
    X_86:bat[:dbl] := bat.append(X_85:bat[:dbl], X_80:bat[:dbl], true:bit);
    X_87:bat[:dbl] := bat.new(nil:dbl);
    X_245:bat[:dbl] := mat.packIncrement(X_224:bat[:dbl], 4:int);
    X_246:bat[:dbl] := mat.packIncrement(X_245:bat[:dbl], X_225:bat[:dbl]);
    X_247:bat[:dbl] := mat.packIncrement(X_246:bat[:dbl], X_226:bat[:dbl]);
    X_47:bat[:dbl] := mat.packIncrement(X_247:bat[:dbl], X_227:bat[:dbl]);
    X_88:bat[:dbl] := bat.append(X_87:bat[:dbl], X_47:bat[:dbl], true:bit);
    X_89:bat[:dbl] := bat.append(X_88:bat[:dbl], X_81:bat[:dbl], true:bit);
    X_90:bat[:dbl] := bat.new(nil:dbl);
    X_249:bat[:dbl] := mat.packIncrement(X_228:bat[:dbl], 4:int);
    X_250:bat[:dbl] := mat.packIncrement(X_249:bat[:dbl], X_229:bat[:dbl]);
    X_251:bat[:dbl] := mat.packIncrement(X_250:bat[:dbl], X_230:bat[:dbl]);
    X_48:bat[:dbl] := mat.packIncrement(X_251:bat[:dbl], X_231:bat[:dbl]);
    X_91:bat[:dbl] := bat.append(X_90:bat[:dbl], X_48:bat[:dbl], true:bit);
    X_92:bat[:dbl] := bat.append(X_91:bat[:dbl], X_82:bat[:dbl], true:bit);
    X_93:lng := aggr.count(X_86:bat[:dbl]);
    language.pass(X_170:bat[:dbl]);
    language.pass(X_171:bat[:dbl]);
    language.pass(X_172:bat[:dbl]);
    language.pass(X_173:bat[:dbl]);
    language.pass(X_59:bat[:dbl]);
    language.pass(C_79:bat[:oid]);
    language.pass(X_55:bat[:dbl]);
    language.pass(C_219:bat[:oid]);
    language.pass(X_190:bat[:dbl]);
    language.pass(C_218:bat[:oid]);
    language.pass(X_188:bat[:dbl]);
    language.pass(C_217:bat[:oid]);
    language.pass(X_186:bat[:dbl]);
    language.pass(C_216:bat[:oid]);
    language.pass(X_184:bat[:dbl]);
exit X_254:bit;
    X_94:lng := sql.claim(X_8:int, "sys":str, "answ":str, X_93:lng);
    X_97:int := sql.append(X_8:int, "sys":str, "answ":str, "x":str, X_94:lng, X_86:bat[:dbl]);
    X_100:int := sql.append(X_97:int, "sys":str, "answ":str, "y":str, X_94:lng, X_89:bat[:dbl]);
    X_103:int := sql.append(X_100:int, "sys":str, "answ":str, "z":str, X_94:lng, X_92:bat[:dbl]);
    sql.affectedRows(X_103:int, X_93:lng);
end user.s24_0;
#inline               actions= 0 time=1 usec 
#remap                actions= 0 time=2 usec 
#costmodel            actions= 1 time=2 usec 
#coercion             actions= 0 time=2 usec 
#aliases              actions= 8 time=10 usec 
#evaluate             actions= 8 time=24 usec 
#emptybind            actions= 6 time=12 usec 
#pushselect           actions= 8 time=12 usec 
#aliases              actions=20 time=9 usec 
#mitosis              actions=1 time=51 usec 
#mergetable           actions= 5 time=72 usec 
#deadcode             actions=28 time=18 usec 
#aliases              actions= 0 time=0 usec 
#constants            actions=18 time=8 usec 
#commonTerms          actions= 0 time=13 usec 
#projectionpath       actions= 0 time=5 usec 
#deadcode             actions= 0 time=11 usec 
#reorder              actions= 1 time=34 usec 
#matpack              actions= 3 time=10 usec 
#dataflow             actions= 1 time=35 usec 
#multiplex            actions= 0 time=3 usec 
#generator            actions= 0 time=2 usec 
#profiler             actions= 1 time=21 usec 
#garbageCollector     actions= 1 time=29 usec 
#total                actions= 1 time=573 usec 
#INSERT INTO answ
#SELECT * FROM complete
#WHERE x BETWEEN 0 AND 2 AND Y BETWEEN 0 AND 2;
[ 6	]
#DROP TABLE complete;
#DROP TABLE part1;
#DROP TABLE part2;

# 16:20:24 >  
# 16:20:24 >  "Done."
# 16:20:24 >  

