stdout of test 'sqlancer02` in directory 'sql/test/SQLancer` itself:


# 17:04:12 >  
# 17:04:12 >  "mclient" "-lsql" "-ftest" "-tnone" "-Eutf-8" "-i" "-e" "--host=/var/tmp/mtest-438766" "--port=32798"
# 17:04:12 >  

#START TRANSACTION; -- Bug 6909
#CREATE TABLE "sys"."t0" ("c0" BOOLEAN,"c1" DOUBLE PRECISION NOT NULL);
#COPY 4 RECORDS INTO "sys"."t0" FROM stdin USING DELIMITERS E'\t',E'\n','"';
#false	0.2059926383949241
#NULL	1.89755202e+09
#NULL	0.8514002985569765
#NULL	0.8565135463082767
[ 4	]
#SELECT ALL t0.c0 FROM t0 WHERE (((0.654013919354451) BETWEEN SYMMETRIC (t0.c1) AND ("length"(upper(''))))OR(t0.c0));
% sys.t0 # table_name
% c0 # name
% boolean # type
% 5 # length
[ NULL	]
[ NULL	]
[ NULL	]
#SELECT t0.c0 FROM t0 WHERE 1 BETWEEN SYMMETRIC t0.c1 AND 0;
% sys.t0 # table_name
% c0 # name
% boolean # type
% 5 # length
[ NULL	]
#SELECT t0.c0 FROM t0 WHERE 1 BETWEEN t0.c1 AND 0;
% sys.t0 # table_name
% c0 # name
% boolean # type
% 5 # length
#SELECT ALL t0.c0 FROM t0 WHERE (((0.654013919354451) BETWEEN SYMMETRIC (t0.c1) AND ("length"(upper(''))))OR(t0.c0)) UNION ALL 
#SELECT ALL t0.c0 FROM t0 WHERE NOT ((((0.654013919354451) BETWEEN SYMMETRIC (t0.c1) AND ("length"(upper(''))))OR(t0.c0))) UNION ALL 
#SELECT t0.c0 FROM t0 WHERE ((((0.654013919354451) BETWEEN SYMMETRIC (t0.c1) AND ("length"(upper(''))))OR(t0.c0))) IS NULL;
% .%12 # table_name
% c0 # name
% boolean # type
% 5 # length
[ NULL	]
[ NULL	]
[ NULL	]
[ false	]
#ROLLBACK;
#START TRANSACTION;
#CREATE TABLE integers(i INTEGER);
#INSERT INTO integers VALUES (1), (2), (3), (NULL);
[ 4	]
#select i between symmetric cast(1 as decimal) and cast(2 as double) from integers;
% sys.%3 # table_name
% %3 # name
% boolean # type
% 5 # length
[ true	]
[ true	]
[ false	]
[ NULL	]
#ROLLBACK;
#START TRANSACTION; -- Bug 6910
#CREATE TABLE t0("c0" DOUBLE NOT NULL);
#COPY 11 RECORDS INTO "sys"."t0" FROM stdin USING DELIMITERS E'\t',E'\n','"';
#0
#0.9440456550171384
#0.3985168253176739
#0.9033732171086648
#0.969477015070214
#-4798112
#0.6321209051017095
#0.7740272412444077
#0.7778437505533593
#0.34293653568934335
#0.1228907839970418
[ 11	]
#ROLLBACK;

# 17:04:12 >  
# 17:04:12 >  "Done."
# 17:04:12 >  

