stdout of test 'mergepart30` in directory 'sql/test/merge-partitions` itself:


# 09:24:49 >  
# 09:24:49 >  "mclient" "-lsql" "-ftest" "-tnone" "-Eutf-8" "-i" "-e" "--host=/var/tmp/mtest-32190" "--port=38020"
# 09:24:49 >  

#CREATE MERGE TABLE table1 (b varchar(32)) PARTITION BY RANGE ON (b);
#CREATE MERGE TABLE table2 (b varchar(32)) PARTITION BY VALUES ON (b);
#CREATE TABLE another (b varchar(32));
#DROP TABLE another;
#DROP TABLE table1;
#DROP TABLE table2;

# 09:24:49 >  
# 09:24:49 >  "Done."
# 09:24:49 >  

